Component: ARM Compiler 5.06 update 5 (build 528) Tool: armlink [4d35e2]

==============================================================================

Section Cross References

    startup_stm32f10x_md.o(STACK) refers (Special) to heapauxi.o(.text) for __use_two_region_memory
    startup_stm32f10x_md.o(HEAP) refers (Special) to heapauxi.o(.text) for __use_two_region_memory
    startup_stm32f10x_md.o(RESET) refers (Special) to heapauxi.o(.text) for __use_two_region_memory
    startup_stm32f10x_md.o(RESET) refers to startup_stm32f10x_md.o(STACK) for __initial_sp
    startup_stm32f10x_md.o(RESET) refers to startup_stm32f10x_md.o(.text) for Reset_Handler
    startup_stm32f10x_md.o(RESET) refers to stm32f10x_it.o(i.NMI_Handler) for NMI_Handler
    startup_stm32f10x_md.o(RESET) refers to stm32f10x_it.o(i.HardFault_Handler) for HardFault_Handler
    startup_stm32f10x_md.o(RESET) refers to stm32f10x_it.o(i.MemManage_Handler) for MemManage_Handler
    startup_stm32f10x_md.o(RESET) refers to stm32f10x_it.o(i.BusFault_Handler) for BusFault_Handler
    startup_stm32f10x_md.o(RESET) refers to stm32f10x_it.o(i.UsageFault_Handler) for UsageFault_Handler
    startup_stm32f10x_md.o(RESET) refers to stm32f10x_it.o(i.SVC_Handler) for SVC_Handler
    startup_stm32f10x_md.o(RESET) refers to stm32f10x_it.o(i.DebugMon_Handler) for DebugMon_Handler
    startup_stm32f10x_md.o(RESET) refers to stm32f10x_it.o(i.PendSV_Handler) for PendSV_Handler
    startup_stm32f10x_md.o(RESET) refers to stm32f10x_it.o(i.SysTick_Handler) for SysTick_Handler
    startup_stm32f10x_md.o(RESET) refers to serial.o(i.USART1_IRQHandler) for USART1_IRQHandler
    startup_stm32f10x_md.o(.text) refers (Special) to heapauxi.o(.text) for __use_two_region_memory
    startup_stm32f10x_md.o(.text) refers to system_stm32f10x.o(i.SystemInit) for SystemInit
    startup_stm32f10x_md.o(.text) refers to __main.o(!!!main) for __main
    startup_stm32f10x_md.o(.text) refers to startup_stm32f10x_md.o(HEAP) for Heap_Mem
    startup_stm32f10x_md.o(.text) refers to startup_stm32f10x_md.o(STACK) for Stack_Mem
    system_stm32f10x.o(i.SetSysClock) refers to system_stm32f10x.o(i.SetSysClockTo72) for SetSysClockTo72
    system_stm32f10x.o(i.SystemCoreClockUpdate) refers to system_stm32f10x.o(.data) for SystemCoreClock
    system_stm32f10x.o(i.SystemInit) refers to system_stm32f10x.o(i.SetSysClock) for SetSysClock
    stm32f10x_adc.o(i.ADC_DeInit) refers to stm32f10x_rcc.o(i.RCC_APB2PeriphResetCmd) for RCC_APB2PeriphResetCmd
    stm32f10x_bkp.o(i.BKP_DeInit) refers to stm32f10x_rcc.o(i.RCC_BackupResetCmd) for RCC_BackupResetCmd
    stm32f10x_can.o(i.CAN_DeInit) refers to stm32f10x_rcc.o(i.RCC_APB1PeriphResetCmd) for RCC_APB1PeriphResetCmd
    stm32f10x_can.o(i.CAN_GetITStatus) refers to stm32f10x_can.o(i.CheckITStatus) for CheckITStatus
    stm32f10x_cec.o(i.CEC_DeInit) refers to stm32f10x_rcc.o(i.RCC_APB1PeriphResetCmd) for RCC_APB1PeriphResetCmd
    stm32f10x_dac.o(i.DAC_DeInit) refers to stm32f10x_rcc.o(i.RCC_APB1PeriphResetCmd) for RCC_APB1PeriphResetCmd
    stm32f10x_flash.o(i.FLASH_EnableWriteProtection) refers to stm32f10x_flash.o(i.FLASH_WaitForLastOperation) for FLASH_WaitForLastOperation
    stm32f10x_flash.o(i.FLASH_EraseAllBank1Pages) refers to stm32f10x_flash.o(i.FLASH_WaitForLastBank1Operation) for FLASH_WaitForLastBank1Operation
    stm32f10x_flash.o(i.FLASH_EraseAllPages) refers to stm32f10x_flash.o(i.FLASH_WaitForLastOperation) for FLASH_WaitForLastOperation
    stm32f10x_flash.o(i.FLASH_EraseOptionBytes) refers to stm32f10x_flash.o(i.FLASH_GetReadOutProtectionStatus) for FLASH_GetReadOutProtectionStatus
    stm32f10x_flash.o(i.FLASH_EraseOptionBytes) refers to stm32f10x_flash.o(i.FLASH_WaitForLastOperation) for FLASH_WaitForLastOperation
    stm32f10x_flash.o(i.FLASH_ErasePage) refers to stm32f10x_flash.o(i.FLASH_WaitForLastOperation) for FLASH_WaitForLastOperation
    stm32f10x_flash.o(i.FLASH_ProgramHalfWord) refers to stm32f10x_flash.o(i.FLASH_WaitForLastOperation) for FLASH_WaitForLastOperation
    stm32f10x_flash.o(i.FLASH_ProgramOptionByteData) refers to stm32f10x_flash.o(i.FLASH_WaitForLastOperation) for FLASH_WaitForLastOperation
    stm32f10x_flash.o(i.FLASH_ProgramWord) refers to stm32f10x_flash.o(i.FLASH_WaitForLastOperation) for FLASH_WaitForLastOperation
    stm32f10x_flash.o(i.FLASH_ReadOutProtection) refers to stm32f10x_flash.o(i.FLASH_WaitForLastOperation) for FLASH_WaitForLastOperation
    stm32f10x_flash.o(i.FLASH_UserOptionByteConfig) refers to stm32f10x_flash.o(i.FLASH_WaitForLastOperation) for FLASH_WaitForLastOperation
    stm32f10x_flash.o(i.FLASH_WaitForLastBank1Operation) refers to stm32f10x_flash.o(i.FLASH_GetBank1Status) for FLASH_GetBank1Status
    stm32f10x_flash.o(i.FLASH_WaitForLastOperation) refers to stm32f10x_flash.o(i.FLASH_GetBank1Status) for FLASH_GetBank1Status
    stm32f10x_gpio.o(i.GPIO_AFIODeInit) refers to stm32f10x_rcc.o(i.RCC_APB2PeriphResetCmd) for RCC_APB2PeriphResetCmd
[...]
    .text                                    0x0800075c   Section       74  sys_stackheap_outer.o(.text)
    .text                                    0x080007a6   Section        0  exit.o(.text)
    i.BusFault_Handler                       0x080007b8   Section        0  stm32f10x_it.o(i.BusFault_Handler)
    i.DebugMon_Handler                       0x080007bc   Section        0  stm32f10x_it.o(i.DebugMon_Handler)
    i.GPIO_Init                              0x080007be   Section        0  stm32f10x_gpio.o(i.GPIO_Init)
    i.HardFault_Handler                      0x080008d4   Section        0  stm32f10x_it.o(i.HardFault_Handler)
    i.MPU6050_IIC_SDA_IO_IN                  0x080008d8   Section        0  mpuiic.o(i.MPU6050_IIC_SDA_IO_IN)
    i.MPU6050_IIC_SDA_IO_OUT                 0x08000904   Section        0  mpuiic.o(i.MPU6050_IIC_SDA_IO_OUT)
    i.MPU_IIC_Ack                            0x08000930   Section        0  mpuiic.o(i.MPU_IIC_Ack)
    i.MPU_IIC_Delay                          0x08000964   Section        0  mpuiic.o(i.MPU_IIC_Delay)
    i.MPU_IIC_Init                           0x08000970   Section        0  mpuiic.o(i.MPU_IIC_Init)
    i.MPU_IIC_NAck                           0x0800099c   Section        0  mpuiic.o(i.MPU_IIC_NAck)
    i.MPU_IIC_Read_Byte                      0x080009d0   Section        0  mpuiic.o(i.MPU_IIC_Read_Byte)
    i.MPU_IIC_Send_Byte                      0x08000a24   Section        0  mpuiic.o(i.MPU_IIC_Send_Byte)
    i.MPU_IIC_Start                          0x08000a6c   Section        0  mpuiic.o(i.MPU_IIC_Start)
    i.MPU_IIC_Stop                           0x08000aa0   Section        0  mpuiic.o(i.MPU_IIC_Stop)
    i.MPU_IIC_Wait_Ack                       0x08000ad0   Section        0  mpuiic.o(i.MPU_IIC_Wait_Ack)
    i.MPU_Read_Len                           0x08000b1c   Section        0  mpu6050.o(i.MPU_Read_Len)
    i.MPU_Write_Len                          0x08000b90   Section        0  mpu6050.o(i.MPU_Write_Len)
    i.MemManage_Handler                      0x08000bf0   Section        0  stm32f10x_it.o(i.MemManage_Handler)
    i.NMI_Handler                            0x08000bf4   Section        0  stm32f10x_it.o(i.NMI_Handler)
    i.NVIC_Init                              0x08000bf8   Section        0  misc.o(i.NVIC_Init)
    i.NVIC_PriorityGroupConfig               0x08000c68   Section        0  misc.o(i.NVIC_PriorityGroupConfig)
    i.PWM_Init                               0x08000c7c   Section        0  pwm.o(i.PWM_Init)
    i.PendSV_Handler                         0x08000d1c   Section        0  stm32f10x_it.o(i.PendSV_Handler)
    i.RCC_APB1PeriphClockCmd                 0x08000d20   Section        0  stm32f10x_rcc.o(i.RCC_APB1PeriphClockCmd)
    i.RCC_APB2PeriphClockCmd                 0x08000d40   Section        0  stm32f10x_rcc.o(i.RCC_APB2PeriphClockCmd)
    i.RCC_GetClocksFreq                      0x08000d60   Section        0  stm32f10x_rcc.o(i.RCC_GetClocksFreq)
    i.SVC_Handler                            0x08000e34   Section        0  stm32f10x_it.o(i.SVC_Handler)
    i.Serial_GetRxData                       0x08000e38   Section        0  serial.o(i.Serial_GetRxData)
    i.Serial_Init                            0x08000e44   Section        0  serial.o(i.Serial_Init)
    i.SetSysClock                            0x08000efc   Section        0  system_stm32f10x.o(i.SetSysClock)
    SetSysClock                              0x08000efd   Thumb Code     8  system_stm32f10x.o(i.SetSysClock)
    i.SetSysClockTo72                        0x08000f04   Section        0  system_stm32f10x.o(i.SetSysClockTo72)
    SetSysClockTo72                          0x08000f05   Thumb Code   214  system_stm32f10x.o(i.SetSysClockTo72)
    i.SysTick_Handler                        0x08000fe4   Section        0  stm32f10x_it.o(i.SysTick_Handler)
    i.SystemInit                             0x08000fe8   Section        0  system_stm32f10x.o(i.SystemInit)
    i.TIM_Cmd                                0x08001048   Section        0  stm32f10x_tim.o(i.TIM_Cmd)
    i.TIM_InternalClockConfig                0x08001060   Section        0  stm32f10x_tim.o(i.TIM_InternalClockConfig)
    i.TIM_OC1Init                            0x0800106c   Section        0  stm32f10x_tim.o(i.TIM_OC1Init)
    i.TIM_OC2Init                            0x08001104   Section        0  stm32f10x_tim.o(i.TIM_OC2Init)
    i.TIM_OCStructInit                       0x080011a8   Section        0  stm32f10x_tim.o(i.TIM_OCStructInit)
    i.TIM_SetCompare1                        0x080011bc   Section        0  stm32f10x_tim.o(i.TIM_SetCompare1)
    i.TIM_SetCompare2                        0x080011c0   Section        0  stm32f10x_tim.o(i.TIM_SetCompare2)
    i.TIM_TimeBaseInit                       0x080011c4   Section        0  stm32f10x_tim.o(i.TIM_TimeBaseInit)
    i.USART1_IRQHandler                      0x08001268   Section        0  serial.o(i.USART1_IRQHandler)
    i.USART_ClearITPendingBit                0x080012a0   Section        0  stm32f10x_usart.o(i.USART_ClearITPendingBit)
    i.USART_Cmd                              0x080012be   Section        0  stm32f10x_usart.o(i.USART_Cmd)
    i.USART_GetITStatus                      0x080012d6   Section        0  stm32f10x_usart.o(i.USART_GetITStatus)
    i.USART_ITConfig                         0x0800132a   Section        0  stm32f10x_usart.o(i.USART_ITConfig)
    i.USART_Init                             0x08001374   Section        0  stm32f10x_usart.o(i.USART_Init)
    i.USART_ReceiveData                      0x0800144c   Section        0  stm32f10x_usart.o(i.USART_ReceiveData)
    i.UsageFault_Handler                     0x08001456   Section        0  stm32f10x_it.o(i.UsageFault_Handler)
    i.__ARM_fpclassify                       0x0800145a   Section        0  fpclassify.o(i.__ARM_fpclassify)
    i.__kernel_poly                          0x08001482   Section        0  poly.o(i.__kernel_poly)
    i.__mathlib_dbl_infnan                   0x0800152c   Section        0  dunder.o(i.__mathlib_dbl_infnan)
    i.__mathlib_dbl_infnan2                  0x08001532   Section        0  dunder.o(i.__mathlib_dbl_infnan2)
    i.__mathlib_dbl_invalid                  0x08001536   Section        0  dunder.o(i.__mathlib_dbl_invalid)
    i.__mathlib_dbl_underflow                0x08001544   Section        0  dunder.o(i.__mathlib_dbl_underflow)
    i._is_digit                              0x08001554   Section        0  __printf_wp.o(i._is_digit)
    i._sys_exit                              0x08001562   Section        0  usart.o(i._sys_exit)
    i.accel_self_test                        0x08001568   Section        0  inv_mpu.o(i.accel_self_test)
    accel_self_test                          0x08001569   Thumb Code   164  inv_mpu.o(i.accel_self_test)
    i.asin                                   0x08001610   Section        0  asin.o(i.asin)
    i.atan                                   0x08001880   Section        0  atan.o(i.atan)
    i.atan2                                  0x08001aa0   Section        0  atan2.o(i.atan2)
    i.decode_gesture                         0x08001c20   Section        0  inv_mpu_dmp_motion_driver.o(i.decode_gesture)
    decode_gesture                           0x08001c21   Thumb Code    94  inv_mpu_dmp_motion_driver.o(i.decode_gesture)
    i.delay_ms                               0x08001c84   Section        0  delay.o(i.delay_ms)
    i.delay_us                               0x08001c9c   Section        0  delay.o(i.delay_us)
    i.dmp_enable_6x_lp_quat                  0x08001cca   Section        0  inv_mpu_dmp_motion_driver.o(i.dmp_enable_6x_lp_quat)
    i.dmp_enable_feature                     0x08001d08   Section        0  inv_mpu_dmp_motion_driver.o(i.dmp_enable_feature)
    i.dmp_enable_gyro_cal                    0x08001f24   Section        0  inv_mpu_dmp_motion_driver.o(i.dmp_enable_gyro_cal)
    i.dmp_enable_lp_quat                     0x08001f7c   Section        0  inv_mpu_dmp_motion_driver.o(i.dmp_enable_lp_quat)
    i.dmp_load_motion_driver_firmware        0x08001fb8   Section        0  inv_mpu_dmp_motion_driver.o(i.dmp_load_motion_driver_firmware)
    i.dmp_read_fifo                          0x08001fd0   Section        0  inv_mpu_dmp_motion_driver.o(i.dmp_read_fifo)
    i.dmp_set_accel_bias                     0x0800219c   Section        0  inv_mpu_dmp_motion_driver.o(i.dmp_set_accel_bias)
    i.dmp_set_fifo_rate                      0x080022cc   Section        0  inv_mpu_dmp_motion_driver.o(i.dmp_set_fifo_rate)
    i.dmp_set_gyro_bias                      0x0800233c   Section        0  inv_mpu_dmp_motion_driver.o(i.dmp_set_gyro_bias)
    i.dmp_set_orientation                    0x0800246c   Section        0  inv_mpu_dmp_motion_driver.o(i.dmp_set_orientation)
    i.dmp_set_shake_reject_thresh            0x080025a4   Section        0  inv_mpu_dmp_motion_driver.o(i.dmp_set_shake_reject_thresh)
    i.dmp_set_shake_reject_time              0x080025dc   Section        0  inv_mpu_dmp_motion_driver.o(i.dmp_set_shake_reject_time)
    i.dmp_set_shake_reject_timeout           0x08002602   Section        0  inv_mpu_dmp_motion_driver.o(i.dmp_set_shake_reject_timeout)
    i.dmp_set_tap_axes                       0x08002628   Section        0  inv_mpu_dmp_motion_driver.o(i.dmp_set_tap_axes)
    i.dmp_set_tap_count                      0x0800266e   Section        0  inv_mpu_dmp_motion_driver.o(i.dmp_set_tap_count)
    i.dmp_set_tap_thresh                     0x08002694   Section        0  inv_mpu_dmp_motion_driver.o(i.dmp_set_tap_thresh)
    i.dmp_set_tap_time                       0x08002834   Section        0  inv_mpu_dmp_motion_driver.o(i.dmp_set_tap_time)
    i.dmp_set_tap_time_multi                 0x0800285a   Section        0  inv_mpu_dmp_motion_driver.o(i.dmp_set_tap_time_multi)
    i.fputc                                  0x08002880   Section        0  usart.o(i.fputc)
    i.get_accel_prod_shift                   0x0800289c   Section        0  inv_mpu.o(i.get_accel_prod_shift)
    get_accel_prod_shift                     0x0800289d   Thumb Code   168  inv_mpu.o(i.get_accel_prod_shift)
    i.get_st_biases                          0x08002950   Section        0  inv_mpu.o(i.get_st_biases)
    get_st_biases                            0x08002951   Thumb Code  1132  inv_mpu.o(i.get_st_biases)
    i.gyro_self_test                         0x08002dc0   Section        0  inv_mpu.o(i.gyro_self_test)
    gyro_self_test                           0x08002dc1   Thumb Code   256  inv_mpu.o(i.gyro_self_test)
    i.inv_orientation_matrix_to_scalar       0x08002ed0   Section        0  inv_mpu.o(i.inv_orientation_matrix_to_scalar)
    i.inv_row_2_scale                        0x08002ef8   Section        0  inv_mpu.o(i.inv_row_2_scale)
    i.main                                   0x08002f48   Section        0  main.o(i.main)
    i.mget_ms                                0x08003014   Section        0  inv_mpu.o(i.mget_ms)
    i.mpu_configure_fifo                     0x08003018   Section        0  inv_mpu.o(i.mpu_configure_fifo)
    i.mpu_dmp_get_data                       0x08003088   Section        0  inv_mpu.o(i.mpu_dmp_get_data)
    i.mpu_dmp_init                           0x080032ac   Section        0  inv_mpu.o(i.mpu_dmp_init)
    i.mpu_get_accel_fsr                      0x08003344   Section        0  inv_mpu.o(i.mpu_get_accel_fsr)
    i.mpu_get_accel_sens                     0x08003390   Section        0  inv_mpu.o(i.mpu_get_accel_sens)
    i.mpu_get_fifo_config                    0x080033e4   Section        0  inv_mpu.o(i.mpu_get_fifo_config)
    i.mpu_get_gyro_fsr                       0x080033f4   Section        0  inv_mpu.o(i.mpu_get_gyro_fsr)
    i.mpu_get_gyro_sens                      0x08003438   Section        0  inv_mpu.o(i.mpu_get_gyro_sens)
    i.mpu_get_lpf                            0x08003488   Section        0  inv_mpu.o(i.mpu_get_lpf)
    i.mpu_get_sample_rate                    0x080034d8   Section        0  inv_mpu.o(i.mpu_get_sample_rate)
    i.mpu_init                               0x080034f8   Section        0  inv_mpu.o(i.mpu_init)
    i.mpu_load_firmware                      0x080036e8   Section        0  inv_mpu.o(i.mpu_load_firmware)
    i.mpu_lp_accel_mode                      0x080037a0   Section        0  inv_mpu.o(i.mpu_lp_accel_mode)
    i.mpu_read_fifo_stream                   0x08003880   Section        0  inv_mpu.o(i.mpu_read_fifo_stream)
    i.mpu_read_mem                           0x08003940   Section        0  inv_mpu.o(i.mpu_read_mem)
    i.mpu_reset_fifo                         0x080039c0   Section        0  inv_mpu.o(i.mpu_reset_fifo)
    i.mpu_run_self_test                      0x08003b88   Section        0  inv_mpu.o(i.mpu_run_self_test)
    i.mpu_set_accel_fsr                      0x08003ca4   Section        0  inv_mpu.o(i.mpu_set_accel_fsr)
    i.mpu_set_bypass                         0x08003d28   Section        0  inv_mpu.o(i.mpu_set_bypass)
    i.mpu_set_dmp_state                      0x08003e74   Section        0  inv_mpu.o(i.mpu_set_dmp_state)
    i.mpu_set_gyro_fsr                       0x08003f04   Section        0  inv_mpu.o(i.mpu_set_gyro_fsr)
    i.mpu_set_int_latched                    0x08003f8c   Section        0  inv_mpu.o(i.mpu_set_int_latched)
    i.mpu_set_lpf                            0x08003ff8   Section        0  inv_mpu.o(i.mpu_set_lpf)
    i.mpu_set_sample_rate                    0x0800407c   Section        0  inv_mpu.o(i.mpu_set_sample_rate)
    i.mpu_set_sensors                        0x08004118   Section        0  inv_mpu.o(i.mpu_set_sensors)
    i.mpu_write_mem                          0x080041e8   Section        0  inv_mpu.o(i.mpu_write_mem)
    i.run_self_test                          0x08004268   Section        0  inv_mpu.o(i.run_self_test)
    i.servo1_set_angle                       0x080042fc   Section        0  servo.o(i.servo1_set_angle)
    i.servo2_set_angle                       0x0800433c   Section        0  servo.o(i.servo2_set_angle)
    i.servo_init                             0x0800437c   Section        0  servo.o(i.servo_init)
    i.set_int_enable                         0x08004384   Section        0  inv_mpu.o(i.set_int_enable)
    set_int_enable                           0x08004385   Thumb Code   138  inv_mpu.o(i.set_int_enable)
    i.sqrt                                   0x08004414   Section        0  sqrt.o(i.sqrt)
    x$fpl$d2f                                0x08004460   Section       98  d2f.o(x$fpl$d2f)
    x$fpl$dadd                               0x080044c4   Section      336  daddsub_clz.o(x$fpl$dadd)
    _dadd1                                   0x080044d5   Thumb Code     0  daddsub_clz.o(x$fpl$dadd)
    x$fpl$dcheck1                            0x08004614   Section       16  dcheck1.o(x$fpl$dcheck1)
    x$fpl$ddiv                               0x08004624   Section      688  ddiv.o(x$fpl$ddiv)
    ddiv_entry                               0x0800462b   Thumb Code     0  ddiv.o(x$fpl$ddiv)
    x$fpl$dmul                               0x080048d4   Section      340  dmul.o(x$fpl$dmul)
    x$fpl$dnaninf                            0x08004a28   Section      156  dnaninf.o(x$fpl$dnaninf)
    x$fpl$dretinf                            0x08004ac4   Section       12  dretinf.o(x$fpl$dretinf)
    x$fpl$drsb                               0x08004ad0   Section       22  daddsub_clz.o(x$fpl$drsb)
    x$fpl$dsqrt                              0x08004ae8   Section      460  dsqrt_noumaal.o(x$fpl$dsqrt)
    x$fpl$dsub                               0x08004cb4   Section      468  daddsub_clz.o(x$fpl$dsub)
    _dsub1                                   0x08004cc5   Thumb Code     0  daddsub_clz.o(x$fpl$dsub)
    x$fpl$f2d                                0x08004e88   Section       86  f2d.o(x$fpl$f2d)
    x$fpl$fadd                               0x08004ee0   Section      196  faddsub_clz.o(x$fpl$fadd)
    _fadd1                                   0x08004eef   Thumb Code     0  faddsub_clz.o(x$fpl$fadd)
    x$fpl$fcmpinf                            0x08004fa4   Section       24  fcmpi.o(x$fpl$fcmpinf)
    x$fpl$fdiv                               0x08004fbc   Section      388  fdiv.o(x$fpl$fdiv)
    _fdiv1                                   0x08004fbd   Thumb Code     0  fdiv.o(x$fpl$fdiv)
    x$fpl$feqf                               0x08005140   Section      104  feqf.o(x$fpl$feqf)
    x$fpl$ffix                               0x080051a8   Section       54  ffix.o(x$fpl$ffix)
    x$fpl$ffixu                              0x080051e0   Section       62  ffixu.o(x$fpl$ffixu)
    x$fpl$fflt                               0x08005220   Section       48  fflt_clz.o(x$fpl$fflt)
    x$fpl$ffltu                              0x08005250   Section       38  fflt_clz.o(x$fpl$ffltu)
    x$fpl$fleqf                              0x08005278   Section      104  fleqf.o(x$fpl$fleqf)
    x$fpl$fmul                               0x080052e0   Section      258  fmul.o(x$fpl$fmul)
    x$fpl$fnaninf                            0x080053e2   Section      140  fnaninf.o(x$fpl$fnaninf)
    x$fpl$fretinf                            0x0800546e   Section       10  fretinf.o(x$fpl$fretinf)
    x$fpl$frleqf                             0x08005478   Section       98  frleqf.o(x$fpl$frleqf)
    x$fpl$fsub                               0x080054dc   Section      234  faddsub_clz.o(x$fpl$fsub)
    _fsub1                                   0x080054eb   Thumb Code     0  faddsub_clz.o(x$fpl$fsub)
    x$fpl$retnan                             0x080055c6   Section      100  retnan.o(x$fpl$retnan)
    x$fpl$scalbn                             0x0800562a   Section       92  scalbn.o(x$fpl$scalbn)
    x$fpl$trapveneer                         0x08005686   Section       48  trapv.o(x$fpl$trapveneer)
    x$fpl$usenofp                            0x080056b6   Section        0  usenofp.o(x$fpl$usenofp)
    .constdata                               0x080056b8   Section       80  inv_mpu.o(.constdata)
    .constdata                               0x08005708   Section     3062  inv_mpu_dmp_motion_driver.o(.constdata)
    dmp_memory                               0x08005708   Data        3062  inv_mpu_dmp_motion_driver.o(.constdata)
    .constdata                               0x080062fe   Section       17  __printf_flags_ss_wp.o(.constdata)
    maptable                                 0x080062fe   Data          17  __printf_flags_ss_wp.o(.constdata)
    .constdata                               0x08006310   Section       80  asin.o(.constdata)
    pS                                       0x08006310   Data          48  asin.o(.constdata)
    qS                                       0x08006340   Data          32  asin.o(.constdata)
    .constdata                               0x08006360   Section      152  atan.o(.constdata)
    atanhi                                   0x08006360   Data          32  atan.o(.constdata)
    atanlo                                   0x08006380   Data          32  atan.o(.constdata)
    aTodd                                    0x080063a0   Data          40  atan.o(.constdata)
    aTeven                                   0x080063c8   Data          48  atan.o(.constdata)
    .constdata                               0x080063f8   Section        8  qnan.o(.constdata)
    .conststring                             0x08006400   Section       77  inv_mpu.o(.conststring)
    .data                                    0x20000000   Section       20  stm32f10x_rcc.o(.data)
    APBAHBPrescTable                         0x20000000   Data          16  stm32f10x_rcc.o(.data)
    ADCPrescTable                            0x20000010   Data           4  stm32f10x_rcc.o(.data)
    .data                                    0x20000014   Section        5  usart.o(.data)
    .data                                    0x20000019   Section        2  serial.o(.data)
    .data                                    0x2000001c   Section       13  main.o(.data)
    .data                                    0x2000002c   Section       53  inv_mpu.o(.data)
    st                                       0x2000002c   Data          44  inv_mpu.o(.data)
    gyro_orientation                         0x20000058   Data           9  inv_mpu.o(.data)
    .bss                                     0x20000064   Section       16  inv_mpu_dmp_motion_driver.o(.bss)
    dmp                                      0x20000064   Data          16  inv_mpu_dmp_motion_driver.o(.bss)
    .bss                                     0x20000074   Section       96  libspace.o(.bss)
    HEAP                                     0x200000d8   Section      512  startup_stm32f10x_md.o(HEAP)
    Heap_Mem                                 0x200000d8   Data         512  startup_stm32f10x_md.o(HEAP)
    STACK                                    0x200002d8   Section     1024  startup_stm32f10x_md.o(STACK)
    Stack_Mem                                0x200002d8   Data        1024  startup_stm32f10x_md.o(STACK)
    __initial_sp                             0x200006d8   Data           0  startup_stm32f10x_md.o(STACK)

    Global Symbols

    Symbol Name                              Value     Ov Type        Size  Object(Section)

    BuildAttributes$$THM_ISAv4$P$D$K$B$S$PE$A:L22UL41UL21$X:L11$S22US41US21$IEEE1$IW$USESV6$~STKCKD$USESV7$~SHL$OTIME$ROPI$IEEEX$EBA8$UX$STANDARDLIB$REQ8$PRES8$EABIv2 0x00000000   Number         0  anon$$obj.o ABSOLUTE
    __ARM_use_no_argv                        0x00000000   Number         0  main.o ABSOLUTE
    _printf_flags                            0x00000000   Number         0  printf_stubs.o ABSOLUTE
    _printf_return_value                     0x00000000   Number         0  printf_stubs.o ABSOLUTE
    _printf_sizespec                         0x00000000   Number         0  printf_stubs.o ABSOLUTE
    _printf_widthprec                        0x00000000   Number         0  printf_stubs.o ABSOLUTE
    __ARM_exceptions_init                     - Undefined Weak Reference
    __alloca_initialize                       - Undefined Weak Reference
    __arm_preinit_                            - Undefined Weak Reference
    __cpp_initialize__aeabi_                  - Undefined Weak Reference
    __cxa_finalize                            - Undefined Weak Reference
    __sigvec_lookup                           - Undefined Weak Reference
    _atexit_init                              - Undefined Weak Reference
    _call_atexit_fns                          - Undefined Weak Reference
    _clock_init                               - Undefined Weak Reference
    _fp_trap_init                             - Undefined Weak Reference
    _fp_trap_shutdown                         - Undefined Weak Reference
    _get_lc_collate                           - Undefined Weak Reference
    _get_lc_monetary                          - Undefined Weak Reference
    _get_lc_time                              - Undefined Weak Reference
    _getenv_init                              - Undefined Weak Reference
    _handle_redirection                       - Undefined Weak Reference
    _init_alloc                               - Undefined Weak Reference
    _init_user_alloc                          - Undefined Weak Reference
    _initio                                   - Undefined Weak Reference
    _mutex_acquire                            - Undefined Weak Reference
    _mutex_release                            - Undefined Weak Reference
    _printf_mbtowc                            - Undefined Weak Reference
    _printf_wc                                - Undefined Weak Reference
    _rand_init                                - Undefined Weak Reference
    _signal_finish                            - Undefined Weak Reference
    _signal_init                              - Undefined Weak Reference
    _terminate_alloc                          - Undefined Weak Reference
    _terminate_user_alloc                     - Undefined Weak Reference
    _terminateio                              - Undefined Weak Reference
    __Vectors_Size                           0x000000ec   Number         0  startup_stm32f10x_md.o ABSOLUTE
    __Vectors                                0x08000000   Data           4  startup_stm32f10x_md.o(RESET)
    __Vectors_End                            0x080000ec   Data           0  startup_stm32f10x_md.o(RESET)
    __main                                   0x080000ed   Thumb Code     8  __main.o(!!!main)
    __scatterload                            0x080000f5   Thumb Code     0  __scatter.o(!!!scatter)
    __scatterload_rt2                        0x080000f5   Thumb Code    44  __scatter.o(!!!scatter)
    __scatterload_rt2_thumb_only             0x080000f5   Thumb Code     0  __scatter.o(!!!scatter)
    __scatterload_null                       0x08000103   Thumb Code     0  __scatter.o(!!!scatter)
    __scatterload_copy                       0x08000129   Thumb Code    26  __scatter_copy.o(!!handler_copy)
    __scatterload_zeroinit                   0x08000145   Thumb Code    28  __scatter_zi.o(!!handler_zi)
    _printf_d                                0x08000161   Thumb Code     0  _printf_d.o(.ARM.Collect$$_printf_percent$$00000009)
    _printf_percent                          0x08000161   Thumb Code     0  _printf_percent.o(.ARM.Collect$$_printf_percent$$00000000)
    _printf_percent_end                      0x08000167   Thumb Code     0  _printf_percent_end.o(.ARM.Collect$$_printf_percent$$00000017)
    __rt_lib_init                            0x0800016b   Thumb Code     0  libinit.o(.ARM.Collect$$libinit$$00000000)
    __rt_lib_init_alloca_1                   0x0800016d   Thumb Code     0  libinit2.o(.ARM.Collect$$libinit$$0000002E)
    __rt_lib_init_argv_1                     0x0800016d   Thumb Code     0  libinit2.o(.ARM.Collect$$libinit$$0000002C)
    __rt_lib_init_atexit_1                   0x0800016d   Thumb Code     0  libinit2.o(.ARM.Collect$$libinit$$0000001B)
    __rt_lib_init_clock_1                    0x0800016d   Thumb Code     0  libinit2.o(.ARM.Collect$$libinit$$00000021)
    __rt_lib_init_cpp_1                      0x0800016d   Thumb Code     0  libinit2.o(.ARM.Collect$$libinit$$00000032)
    __rt_lib_init_exceptions_1               0x0800016d   Thumb Code     0  libinit2.o(.ARM.Collect$$libinit$$00000030)
    __rt_lib_init_fp_1                       0x0800016d   Thumb Code     0  libinit2.o(.ARM.Collect$$libinit$$00000002)
    __rt_lib_init_fp_trap_1                  0x0800016d   Thumb Code     0  libinit2.o(.ARM.Collect$$libinit$$0000001F)
    __rt_lib_init_getenv_1                   0x0800016d   Thumb Code     0  libinit2.o(.ARM.Collect$$libinit$$00000023)
    __rt_lib_init_heap_1                     0x0800016d   Thumb Code     0  libinit2.o(.ARM.Collect$$libinit$$0000000A)
    __rt_lib_init_lc_collate_1               0x0800016d   Thumb Code     0  libinit2.o(.ARM.Collect$$libinit$$00000011)
    __rt_lib_init_lc_ctype_1                 0x0800016d   Thumb Code     0  libinit2.o(.ARM.Collect$$libinit$$00000013)
    __rt_lib_init_lc_monetary_1              0x0800016d   Thumb Code     0  libinit2.o(.ARM.Collect$$libinit$$00000015)
    __rt_lib_init_lc_numeric_1               0x0800016d   Thumb Code     0  libinit2.o(.ARM.Collect$$libinit$$00000017)
    __rt_lib_init_lc_time_1                  0x0800016d   Thumb Code     0  libinit2.o(.ARM.Collect$$libinit$$00000019)
    __rt_lib_init_preinit_1                  0x0800016d   Thumb Code     0  libinit2.o(.ARM.Collect$$libinit$$00000004)
    __rt_lib_init_rand_1                     0x0800016d   Thumb Code     0  libinit2.o(.ARM.Collect$$libinit$$0000000E)
    __rt_lib_init_return                     0x0800016d   Thumb Code     0  libinit2.o(.ARM.Collect$$libinit$$00000033)
    __rt_lib_init_signal_1                   0x0800016d   Thumb Code     0  libinit2.o(.ARM.Collect$$libinit$$0000001D)
    __rt_lib_init_stdio_1                    0x0800016d   Thumb Code     0  libinit2.o(.ARM.Collect$$libinit$$00000025)
    __rt_lib_init_user_alloc_1               0x0800016d   Thumb Code     0  libinit2.o(.ARM.Collect$$libinit$$0000000C)
    __rt_lib_shutdown                        0x0800016f   Thumb Code     0  libshutdown.o(.ARM.Collect$$libshutdown$$00000000)
    __rt_lib_shutdown_cpp_1                  0x08000171   Thumb Code     0  libshutdown2.o(.ARM.Collect$$libshutdown$$00000002)
    __rt_lib_shutdown_fp_trap_1              0x08000171   Thumb Code     0  libshutdown2.o(.ARM.Collect$$libshutdown$$00000007)
    __rt_lib_shutdown_heap_1                 0x08000171   Thumb Code     0  libshutdown2.o(.ARM.Collect$$libshutdown$$0000000F)
    __rt_lib_shutdown_return                 0x08000171   Thumb Code     0  libshutdown2.o(.ARM.Collect$$libshutdown$$00000010)
    __rt_lib_shutdown_signal_1               0x08000171   Thumb Code     0  libshutdown2.o(.ARM.Collect$$libshutdown$$0000000A)
    __rt_lib_shutdown_stdio_1                0x08000171   Thumb Code     0  libshutdown2.o(.ARM.Collect$$libshutdown$$00000004)
    __rt_lib_shutdown_user_alloc_1           0x08000171   Thumb Code     0  libshutdown2.o(.ARM.Collect$$libshutdown$$0000000C)
    __rt_entry                               0x08000173   Thumb Code     0  __rtentry.o(.ARM.Collect$$rtentry$$00000000)
    __rt_entry_presh_1                       0x08000173   Thumb Code     0  __rtentry2.o(.ARM.Collect$$rtentry$$00000002)
    __rt_entry_sh                            0x08000173   Thumb Code     0  __rtentry4.o(.ARM.Collect$$rtentry$$00000004)
    __rt_entry_li                            0x08000179   Thumb Code     0  __rtentry2.o(.ARM.Collect$$rtentry$$0000000A)
    __rt_entry_postsh_1                      0x08000179   Thumb Code     0  __rtentry2.o(.ARM.Collect$$rtentry$$00000009)
    __rt_entry_main                          0x0800017d   Thumb Code     0  __rtentry2.o(.ARM.Collect$$rtentry$$0000000D)
    __rt_entry_postli_1                      0x0800017d   Thumb Code     0  __rtentry2.o(.ARM.Collect$$rtentry$$0000000C)
    __rt_exit                                0x08000185   Thumb Code     0  rtexit.o(.ARM.Collect$$rtexit$$00000000)
    __rt_exit_ls                             0x08000187   Thumb Code     0  rtexit2.o(.ARM.Collect$$rtexit$$00000003)
    __rt_exit_prels_1                        0x08000187   Thumb Code     0  rtexit2.o(.ARM.Collect$$rtexit$$00000002)
    __rt_exit_exit                           0x0800018b   Thumb Code     0  rtexit2.o(.ARM.Collect$$rtexit$$00000004)
    Reset_Handler                            0x08000191   Thumb Code     8  startup_stm32f10x_md.o(.text)
    ADC1_2_IRQHandler                        0x080001ab   Thumb Code     0  startup_stm32f10x_md.o(.text)
    CAN1_RX1_IRQHandler                      0x080001ab   Thumb Code     0  startup_stm32f10x_md.o(.text)
    CAN1_SCE_IRQHandler                      0x080001ab   Thumb Code     0  startup_stm32f10x_md.o(.text)
    DMA1_Channel1_IRQHandler                 0x080001ab   Thumb Code     0  startup_stm32f10x_md.o(.text)
    DMA1_Channel2_IRQHandler                 0x080001ab   Thumb Code     0  startup_stm32f10x_md.o(.text)
    DMA1_Channel3_IRQHandler                 0x080001ab   Thumb Code     0  startup_stm32f10x_md.o(.text)
    DMA1_Channel4_IRQHandler                 0x080001ab   Thumb Code     0  startup_stm32f10x_md.o(.text)
    DMA1_Channel5_IRQHandler                 0x080001ab   Thumb Code     0  startup_stm32f10x_md.o(.text)
    DMA1_Channel6_IRQHandler                 0x080001ab   Thumb Code     0  startup_stm32f10x_md.o(.text)
    DMA1_Channel7_IRQHandler                 0x080001ab   Thumb Code     0  startup_stm32f10x_md.o(.text)
    EXTI0_IRQHandler                         0x080001ab   Thumb Code     0  startup_stm32f10x_md.o(.text)
    EXTI15_10_IRQHandler                     0x080001ab   Thumb Code     0  startup_stm32f10x_md.o(.text)
    EXTI1_IRQHandler                         0x080001ab   Thumb Code     0  startup_stm32f10x_md.o(.text)
    EXTI2_IRQHandler                         0x080001ab   Thumb Code     0  startup_stm32f10x_md.o(.text)
    EXTI3_IRQHandler                         0x080001ab   Thumb Code     0  startup_stm32f10x_md.o(.text)
    EXTI4_IRQHandler                         0x080001ab   Thumb Code     0  startup_stm32f10x_md.o(.text)
    EXTI9_5_IRQHandler                       0x080001ab   Thumb Code     0  startup_stm32f10x_md.o(.text)
    FLASH_IRQHandler                         0x080001ab   Thumb Code     0  startup_stm32f10x_md.o(.text)
    I2C1_ER_IRQHandler                       0x080001ab   Thumb Code     0  startup_stm32f10x_md.o(.text)
    I2C1_EV_IRQHandler                       0x080001ab   Thumb Code     0  startup_stm32f10x_md.o(.text)
    I2C2_ER_IRQHandler                       0x080001ab   Thumb Code     0  startup_stm32f10x_md.o(.text)
    I2C2_EV_IRQHandler                       0x080001ab   Thumb Code     0  startup_stm32f10x_md.o(.text)
    PVD_IRQHandler                           0x080001ab   Thumb Code     0  startup_stm32f10x_md.o(.text)
    RCC_IRQHandler                           0x080001ab   Thumb Code     0  startup_stm32f10x_md.o(.text)
    RTCAlarm_IRQHandler                      0x080001ab   Thumb Code     0  startup_stm32f10x_md.o(.text)
    RTC_IRQHandler                           0x080001ab   Thumb Code     0  startup_stm32f10x_md.o(.text)
    SPI1_IRQHandler                          0x080001ab   Thumb Code     0  startup_stm32f10x_md.o(.text)
    SPI2_IRQHandler                          0x080001ab   Thumb Code     0  startup_stm32f10x_md.o(.text)
    TAMPER_IRQHandler                        0x080001ab   Thumb Code     0  startup_stm32f10x_md.o(.text)
    TIM1_BRK_IRQHandler                      0x080001ab   Thumb Code     0  startup_stm32f10x_md.o(.text)
    TIM1_CC_IRQHandler                       0x080001ab   Thumb Code     0  startup_stm32f10x_md.o(.text)
    TIM1_TRG_COM_IRQHandler                  0x080001ab   Thumb Code     0  startup_stm32f10x_md.o(.text)
    TIM1_UP_IRQHandler                       0x080001ab   Thumb Code     0  startup_stm32f10x_md.o(.text)
    TIM2_IRQHandler                          0x080001ab   Thumb Code     0  startup_stm32f10x_md.o(.text)
    TIM3_IRQHandler                          0x080001ab   Thumb Code     0  startup_stm32f10x_md.o(.text)
    TIM4_IRQHandler                          0x080001ab   Thumb Code     0  startup_stm32f10x_md.o(.text)
    USART2_IRQHandler                        0x080001ab   Thumb Code     0  startup_stm32f10x_md.o(.text)
    USART3_IRQHandler                        0x080001ab   Thumb Code     0  startup_stm32f10x_md.o(.text)
    USBWakeUp_IRQHandler                     0x080001ab   Thumb Code     0  startup_stm32f10x_md.o(.text)
    USB_HP_CAN1_TX_IRQHandler                0x080001ab   Thumb Code     0  startup_stm32f10x_md.o(.text)
    USB_LP_CAN1_RX0_IRQHandler               0x080001ab   Thumb Code     0  startup_stm32f10x_md.o(.text)
    WWDG_IRQHandler                          0x080001ab   Thumb Code     0  startup_stm32f10x_md.o(.text)
    __user_initial_stackheap                 0x080001ad   Thumb Code     0  startup_stm32f10x_md.o(.text)
    __use_no_semihosting                     0x080001d1   Thumb Code     2  use_no_semi_2.o(.text)
    __aeabi_ldivmod                          0x080001d3   Thumb Code     0  llsdiv.o(.text)
    _ll_sdiv                                 0x080001d3   Thumb Code    72  llsdiv.o(.text)
    __2printf                                0x0800021d   Thumb Code    20  __2printf.o(.text)
    _printf_int_dec                          0x08000235   Thumb Code   104  _printf_dec.o(.text)
    __printf                                 0x080002ad   Thumb Code   388  __printf_flags_ss_wp.o(.text)
    memcmp                                   0x08000435   Thumb Code    88  memcmp.o(.text)
    __aeabi_memset                           0x0800048d   Thumb Code    16  aeabi_memset.o(.text)
    __use_two_region_memory                  0x0800049d   Thumb Code     2  heapauxi.o(.text)
    __rt_heap_escrow$2region                 0x0800049f   Thumb Code     2  heapauxi.o(.text)
    __rt_heap_expand$2region                 0x080004a1   Thumb Code     2  heapauxi.o(.text)
    __I$use$semihosting                      0x080004a3   Thumb Code     0  use_no_semi.o(.text)
    __use_no_semihosting_swi                 0x080004a3   Thumb Code     2  use_no_semi.o(.text)
    __aeabi_uldivmod                         0x080004a5   Thumb Code     0  lludivv7m.o(.text)
    _ll_udiv                                 0x080004a5   Thumb Code   238  lludivv7m.o(.text)
    __read_errno                             0x08000593   Thumb Code    10  _rserrno.o(.text)
    __set_errno                              0x0800059d   Thumb Code    12  _rserrno.o(.text)
    _printf_int_common                       0x080005a9   Thumb Code   178  _printf_intcommon.o(.text)
    _printf_char_common                      0x08000667   Thumb Code    32  _printf_char_common.o(.text)
    _printf_char_file                        0x0800068d   Thumb Code    32  _printf_char_file.o(.text)
    __aeabi_memclr                           0x080006b1   Thumb Code     0  rt_memclr.o(.text)
    __rt_memclr                              0x080006b1   Thumb Code    68  rt_memclr.o(.text)
    _memset                                  0x080006b5   Thumb Code     0  rt_memclr.o(.text)
    __aeabi_errno_addr                       0x080006f5   Thumb Code     8  rt_errno_addr_intlibspace.o(.text)
    __errno$intlibspace                      0x080006f5   Thumb Code     0  rt_errno_addr_intlibspace.o(.text)
    __rt_errno_addr$intlibspace              0x080006f5   Thumb Code     0  rt_errno_addr_intlibspace.o(.text)
    ferror                                   0x080006fd   Thumb Code     8  ferror.o(.text)
    __aeabi_memclr4                          0x08000705   Thumb Code     0  rt_memclr_w.o(.text)
    __aeabi_memclr8                          0x08000705   Thumb Code     0  rt_memclr_w.o(.text)
    __rt_memclr_w                            0x08000705   Thumb Code    78  rt_memclr_w.o(.text)
    _memset_w                                0x08000709   Thumb Code     0  rt_memclr_w.o(.text)
    __user_libspace                          0x08000755   Thumb Code     8  libspace.o(.text)
    __user_perproc_libspace                  0x08000755   Thumb Code     0  libspace.o(.text)
    __user_perthread_libspace                0x08000755   Thumb Code     0  libspace.o(.text)
    __user_setup_stackheap                   0x0800075d   Thumb Code    74  sys_stackheap_outer.o(.text)
    exit                                     0x080007a7   Thumb Code    18  exit.o(.text)
    BusFault_Handler                         0x080007b9   Thumb Code     4  stm32f10x_it.o(i.BusFault_Handler)
    DebugMon_Handler                         0x080007bd   Thumb Code     2  stm32f10x_it.o(i.DebugMon_Handler)
    GPIO_Init                                0x080007bf   Thumb Code   278  stm32f10x_gpio.o(i.GPIO_Init)
    HardFault_Handler                        0x080008d5   Thumb Code     4  stm32f10x_it.o(i.HardFault_Handler)
    MPU6050_IIC_SDA_IO_IN                    0x080008d9   Thumb Code    40  mpuiic.o(i.MPU6050_IIC_SDA_IO_IN)
    MPU6050_IIC_SDA_IO_OUT                   0x08000905   Thumb Code    40  mpuiic.o(i.MPU6050_IIC_SDA_IO_OUT)
    MPU_IIC_Ack                              0x08000931   Thumb Code    44  mpuiic.o(i.MPU_IIC_Ack)
    MPU_IIC_Delay                            0x08000965   Thumb Code    10  mpuiic.o(i.MPU_IIC_Delay)
    MPU_IIC_Init                             0x08000971   Thumb Code    40  mpuiic.o(i.MPU_IIC_Init)
    MPU_IIC_NAck                             0x0800099d   Thumb Code    44  mpuiic.o(i.MPU_IIC_NAck)
    MPU_IIC_Read_Byte                        0x080009d1   Thumb Code    76  mpuiic.o(i.MPU_IIC_Read_Byte)
    MPU_IIC_Send_Byte                        0x08000a25   Thumb Code    62  mpuiic.o(i.MPU_IIC_Send_Byte)
    MPU_IIC_Start                            0x08000a6d   Thumb Code    42  mpuiic.o(i.MPU_IIC_Start)
    MPU_IIC_Stop                             0x08000aa1   Thumb Code    40  mpuiic.o(i.MPU_IIC_Stop)
    MPU_IIC_Wait_Ack                         0x08000ad1   Thumb Code    68  mpuiic.o(i.MPU_IIC_Wait_Ack)
    MPU_Read_Len                             0x08000b1d   Thumb Code   116  mpu6050.o(i.MPU_Read_Len)
    MPU_Write_Len                            0x08000b91   Thumb Code    96  mpu6050.o(i.MPU_Write_Len)
    MemManage_Handler                        0x08000bf1   Thumb Code     4  stm32f10x_it.o(i.MemManage_Handler)
    NMI_Handler                              0x08000bf5   Thumb Code     2  stm32f10x_it.o(i.NMI_Handler)
    NVIC_Init                                0x08000bf9   Thumb Code   100  misc.o(i.NVIC_Init)
    NVIC_PriorityGroupConfig                 0x08000c69   Thumb Code    10  misc.o(i.NVIC_PriorityGroupConfig)
    PWM_Init                                 0x08000c7d   Thumb Code   154  pwm.o(i.PWM_Init)
    PendSV_Handler                           0x08000d1d   Thumb Code     2  stm32f10x_it.o(i.PendSV_Handler)
    RCC_APB1PeriphClockCmd                   0x08000d21   Thumb Code    26  stm32f10x_rcc.o(i.RCC_APB1PeriphClockCmd)
    RCC_APB2PeriphClockCmd                   0x08000d41   Thumb Code    26  stm32f10x_rcc.o(i.RCC_APB2PeriphClockCmd)
    RCC_GetClocksFreq                        0x08000d61   Thumb Code   192  stm32f10x_rcc.o(i.RCC_GetClocksFreq)
    SVC_Handler                              0x08000e35   Thumb Code     2  stm32f10x_it.o(i.SVC_Handler)
    Serial_GetRxData                         0x08000e39   Thumb Code     6  serial.o(i.Serial_GetRxData)
    Serial_Init                              0x08000e45   Thumb Code   174  serial.o(i.Serial_Init)
    SysTick_Handler                          0x08000fe5   Thumb Code     2  stm32f10x_it.o(i.SysTick_Handler)
    SystemInit                               0x08000fe9   Thumb Code    78  system_stm32f10x.o(i.SystemInit)
    TIM_Cmd                                  0x08001049   Thumb Code    24  stm32f10x_tim.o(i.TIM_Cmd)
    TIM_InternalClockConfig                  0x08001061   Thumb Code    12  stm32f10x_tim.o(i.TIM_InternalClockConfig)
    TIM_OC1Init                              0x0800106d   Thumb Code   132  stm32f10x_tim.o(i.TIM_OC1Init)
    TIM_OC2Init                              0x08001105   Thumb Code   154  stm32f10x_tim.o(i.TIM_OC2Init)
    TIM_OCStructInit                         0x080011a9   Thumb Code    20  stm32f10x_tim.o(i.TIM_OCStructInit)
    TIM_SetCompare1                          0x080011bd   Thumb Code     4  stm32f10x_tim.o(i.TIM_SetCompare1)
    TIM_SetCompare2                          0x080011c1   Thumb Code     4  stm32f10x_tim.o(i.TIM_SetCompare2)
    TIM_TimeBaseInit                         0x080011c5   Thumb Code   122  stm32f10x_tim.o(i.TIM_TimeBaseInit)
    USART1_IRQHandler                        0x08001269   Thumb Code    44  serial.o(i.USART1_IRQHandler)
    USART_ClearITPendingBit                  0x080012a1   Thumb Code    30  stm32f10x_usart.o(i.USART_ClearITPendingBit)
    USART_Cmd                                0x080012bf   Thumb Code    24  stm32f10x_usart.o(i.USART_Cmd)
    USART_GetITStatus                        0x080012d7   Thumb Code    84  stm32f10x_usart.o(i.USART_GetITStatus)
    USART_ITConfig                           0x0800132b   Thumb Code    74  stm32f10x_usart.o(i.USART_ITConfig)
    USART_Init                               0x08001375   Thumb Code   210  stm32f10x_usart.o(i.USART_Init)
    USART_ReceiveData                        0x0800144d   Thumb Code    10  stm32f10x_usart.o(i.USART_ReceiveData)
    UsageFault_Handler                       0x08001457   Thumb Code     4  stm32f10x_it.o(i.UsageFault_Handler)
    __ARM_fpclassify                         0x0800145b   Thumb Code    40  fpclassify.o(i.__ARM_fpclassify)
    __kernel_poly                            0x08001483   Thumb Code   170  poly.o(i.__kernel_poly)
    __mathlib_dbl_infnan                     0x0800152d   Thumb Code     6  dunder.o(i.__mathlib_dbl_infnan)
    __mathlib_dbl_infnan2                    0x08001533   Thumb Code     4  dunder.o(i.__mathlib_dbl_infnan2)
    __mathlib_dbl_invalid                    0x08001537   Thumb Code    12  dunder.o(i.__mathlib_dbl_invalid)
    __mathlib_dbl_underflow                  0x08001545   Thumb Code    10  dunder.o(i.__mathlib_dbl_underflow)
    _is_digit                                0x08001555   Thumb Code    14  __printf_wp.o(i._is_digit)
    _sys_exit                                0x08001563   Thumb Code     4  usart.o(i._sys_exit)
    asin                                     0x08001611   Thumb Code   572  asin.o(i.asin)
    atan                                     0x08001881   Thumb Code   474  atan.o(i.atan)
    atan2                                    0x08001aa1   Thumb Code   346  atan2.o(i.atan2)
    delay_ms                                 0x08001c85   Thumb Code    24  delay.o(i.delay_ms)
    delay_us                                 0x08001c9d   Thumb Code    46  delay.o(i.delay_us)
    dmp_enable_6x_lp_quat                    0x08001ccb   Thumb Code    60  inv_mpu_dmp_motion_driver.o(i.dmp_enable_6x_lp_quat)
    dmp_enable_feature                       0x08001d09   Thumb Code   530  inv_mpu_dmp_motion_driver.o(i.dmp_enable_feature)
    dmp_enable_gyro_cal                      0x08001f25   Thumb Code    62  inv_mpu_dmp_motion_driver.o(i.dmp_enable_gyro_cal)
    dmp_enable_lp_quat                       0x08001f7d   Thumb Code    60  inv_mpu_dmp_motion_driver.o(i.dmp_enable_lp_quat)
    dmp_load_motion_driver_firmware          0x08001fb9   Thumb Code    20  inv_mpu_dmp_motion_driver.o(i.dmp_load_motion_driver_firmware)
    dmp_read_fifo                            0x08001fd1   Thumb Code   456  inv_mpu_dmp_motion_driver.o(i.dmp_read_fifo)
    dmp_set_accel_bias                       0x0800219d   Thumb Code   300  inv_mpu_dmp_motion_driver.o(i.dmp_set_accel_bias)
    dmp_set_fifo_rate                        0x080022cd   Thumb Code    96  inv_mpu_dmp_motion_driver.o(i.dmp_set_fifo_rate)
    dmp_set_gyro_bias                        0x0800233d   Thumb Code   294  inv_mpu_dmp_motion_driver.o(i.dmp_set_gyro_bias)
    dmp_set_orientation                      0x0800246d   Thumb Code   290  inv_mpu_dmp_motion_driver.o(i.dmp_set_orientation)
    dmp_set_shake_reject_thresh              0x080025a5   Thumb Code    56  inv_mpu_dmp_motion_driver.o(i.dmp_set_shake_reject_thresh)
    dmp_set_shake_reject_time                0x080025dd   Thumb Code    38  inv_mpu_dmp_motion_driver.o(i.dmp_set_shake_reject_time)
    dmp_set_shake_reject_timeout             0x08002603   Thumb Code    38  inv_mpu_dmp_motion_driver.o(i.dmp_set_shake_reject_timeout)
    dmp_set_tap_axes                         0x08002629   Thumb Code    70  inv_mpu_dmp_motion_driver.o(i.dmp_set_tap_axes)
    dmp_set_tap_count                        0x0800266f   Thumb Code    38  inv_mpu_dmp_motion_driver.o(i.dmp_set_tap_count)
    dmp_set_tap_thresh                       0x08002695   Thumb Code   396  inv_mpu_dmp_motion_driver.o(i.dmp_set_tap_thresh)
    dmp_set_tap_time                         0x08002835   Thumb Code    38  inv_mpu_dmp_motion_driver.o(i.dmp_set_tap_time)
    dmp_set_tap_time_multi                   0x0800285b   Thumb Code    38  inv_mpu_dmp_motion_driver.o(i.dmp_set_tap_time_multi)
    fputc                                    0x08002881   Thumb Code    24  usart.o(i.fputc)
    inv_orientation_matrix_to_scalar         0x08002ed1   Thumb Code    40  inv_mpu.o(i.inv_orientation_matrix_to_scalar)
    inv_row_2_scale                          0x08002ef9   Thumb Code    78  inv_mpu.o(i.inv_row_2_scale)
    main                                     0x08002f49   Thumb Code   178  main.o(i.main)
    mget_ms                                  0x08003015   Thumb Code     2  inv_mpu.o(i.mget_ms)
    mpu_configure_fifo                       0x08003019   Thumb Code   106  inv_mpu.o(i.mpu_configure_fifo)
    mpu_dmp_get_data                         0x08003089   Thumb Code   544  inv_mpu.o(i.mpu_dmp_get_data)
    mpu_dmp_init                             0x080032ad   Thumb Code   148  inv_mpu.o(i.mpu_dmp_init)
    mpu_get_accel_fsr                        0x08003345   Thumb Code    72  inv_mpu.o(i.mpu_get_accel_fsr)
    mpu_get_accel_sens                       0x08003391   Thumb Code    78  inv_mpu.o(i.mpu_get_accel_sens)
    mpu_get_fifo_config                      0x080033e5   Thumb Code    12  inv_mpu.o(i.mpu_get_fifo_config)
    mpu_get_gyro_fsr                         0x080033f5   Thumb Code    64  inv_mpu.o(i.mpu_get_gyro_fsr)
    mpu_get_gyro_sens                        0x08003439   Thumb Code    58  inv_mpu.o(i.mpu_get_gyro_sens)
    mpu_get_lpf                              0x08003489   Thumb Code    74  inv_mpu.o(i.mpu_get_lpf)
    mpu_get_sample_rate                      0x080034d9   Thumb Code    26  inv_mpu.o(i.mpu_get_sample_rate)
    mpu_init                                 0x080034f9   Thumb Code   416  inv_mpu.o(i.mpu_init)
    mpu_load_firmware                        0x080036e9   Thumb Code   180  inv_mpu.o(i.mpu_load_firmware)
    mpu_lp_accel_mode                        0x080037a1   Thumb Code   218  inv_mpu.o(i.mpu_lp_accel_mode)
    mpu_read_fifo_stream                     0x08003881   Thumb Code   186  inv_mpu.o(i.mpu_read_fifo_stream)
    mpu_read_mem                             0x08003941   Thumb Code   122  inv_mpu.o(i.mpu_read_mem)
    mpu_reset_fifo                           0x080039c1   Thumb Code   450  inv_mpu.o(i.mpu_reset_fifo)
    mpu_run_self_test                        0x08003b89   Thumb Code   278  inv_mpu.o(i.mpu_run_self_test)
    mpu_set_accel_fsr                        0x08003ca5   Thumb Code   126  inv_mpu.o(i.mpu_set_accel_fsr)
    mpu_set_bypass                           0x08003d29   Thumb Code   328  inv_mpu.o(i.mpu_set_bypass)
    mpu_set_dmp_state                        0x08003e75   Thumb Code   138  inv_mpu.o(i.mpu_set_dmp_state)
    mpu_set_gyro_fsr                         0x08003f05   Thumb Code   132  inv_mpu.o(i.mpu_set_gyro_fsr)
    mpu_set_int_latched                      0x08003f8d   Thumb Code   102  inv_mpu.o(i.mpu_set_int_latched)
    mpu_set_lpf                              0x08003ff9   Thumb Code   126  inv_mpu.o(i.mpu_set_lpf)
    mpu_set_sample_rate                      0x0800407d   Thumb Code   152  inv_mpu.o(i.mpu_set_sample_rate)
    mpu_set_sensors                          0x08004119   Thumb Code   202  inv_mpu.o(i.mpu_set_sensors)
    mpu_write_mem                            0x080041e9   Thumb Code   122  inv_mpu.o(i.mpu_write_mem)
    run_self_test                            0x08004269   Thumb Code   148  inv_mpu.o(i.run_self_test)
    servo1_set_angle                         0x080042fd   Thumb Code    52  servo.o(i.servo1_set_angle)
    servo2_set_angle                         0x0800433d   Thumb Code    52  servo.o(i.servo2_set_angle)
    servo_init                               0x0800437d   Thumb Code     8  servo.o(i.servo_init)
    sqrt                                     0x08004415   Thumb Code    76  sqrt.o(i.sqrt)
    __aeabi_d2f                              0x08004461   Thumb Code     0  d2f.o(x$fpl$d2f)
    _d2f                                     0x08004461   Thumb Code    98  d2f.o(x$fpl$d2f)
    __aeabi_dadd                             0x080044c5   Thumb Code     0  daddsub_clz.o(x$fpl$dadd)
    _dadd                                    0x080044c5   Thumb Code   332  daddsub_clz.o(x$fpl$dadd)
    __fpl_dcheck_NaN1                        0x08004615   Thumb Code    10  dcheck1.o(x$fpl$dcheck1)
    __aeabi_ddiv                             0x08004625   Thumb Code     0  ddiv.o(x$fpl$ddiv)
    _ddiv                                    0x08004625   Thumb Code   552  ddiv.o(x$fpl$ddiv)
    __aeabi_dmul                             0x080048d5   Thumb Code     0  dmul.o(x$fpl$dmul)
    _dmul                                    0x080048d5   Thumb Code   332  dmul.o(x$fpl$dmul)
    __fpl_dnaninf                            0x08004a29   Thumb Code   156  dnaninf.o(x$fpl$dnaninf)
    __fpl_dretinf                            0x08004ac5   Thumb Code    12  dretinf.o(x$fpl$dretinf)
    __aeabi_drsub                            0x08004ad1   Thumb Code     0  daddsub_clz.o(x$fpl$drsb)
    _drsb                                    0x08004ad1   Thumb Code    22  daddsub_clz.o(x$fpl$drsb)
    _dsqrt                                   0x08004ae9   Thumb Code   456  dsqrt_noumaal.o(x$fpl$dsqrt)
    __aeabi_dsub                             0x08004cb5   Thumb Code     0  daddsub_clz.o(x$fpl$dsub)
    _dsub                                    0x08004cb5   Thumb Code   464  daddsub_clz.o(x$fpl$dsub)
    __aeabi_f2d                              0x08004e89   Thumb Code     0  f2d.o(x$fpl$f2d)
    _f2d                                     0x08004e89   Thumb Code    86  f2d.o(x$fpl$f2d)
    __aeabi_fadd                             0x08004ee1   Thumb Code     0  faddsub_clz.o(x$fpl$fadd)
    _fadd                                    0x08004ee1   Thumb Code   196  faddsub_clz.o(x$fpl$fadd)
    __fpl_fcmp_Inf                           0x08004fa5   Thumb Code    24  fcmpi.o(x$fpl$fcmpinf)
    __aeabi_fdiv                             0x08004fbd   Thumb Code     0  fdiv.o(x$fpl$fdiv)
    _fdiv                                    0x08004fbd   Thumb Code   384  fdiv.o(x$fpl$fdiv)
    __aeabi_cfcmpeq                          0x08005141   Thumb Code     0  feqf.o(x$fpl$feqf)
    _fcmpeq                                  0x08005141   Thumb Code   104  feqf.o(x$fpl$feqf)
    __aeabi_f2iz                             0x080051a9   Thumb Code     0  ffix.o(x$fpl$ffix)
    _ffix                                    0x080051a9   Thumb Code    54  ffix.o(x$fpl$ffix)
    __aeabi_f2uiz                            0x080051e1   Thumb Code     0  ffixu.o(x$fpl$ffixu)
    _ffixu                                   0x080051e1   Thumb Code    62  ffixu.o(x$fpl$ffixu)
    __aeabi_i2f                              0x08005221   Thumb Code     0  fflt_clz.o(x$fpl$fflt)
    _fflt                                    0x08005221   Thumb Code    48  fflt_clz.o(x$fpl$fflt)
    __aeabi_ui2f                             0x08005251   Thumb Code     0  fflt_clz.o(x$fpl$ffltu)
    _ffltu                                   0x08005251   Thumb Code    38  fflt_clz.o(x$fpl$ffltu)
    __aeabi_cfcmple                          0x08005279   Thumb Code     0  fleqf.o(x$fpl$fleqf)
    _fcmple                                  0x08005279   Thumb Code   104  fleqf.o(x$fpl$fleqf)
    __fpl_fcmple_InfNaN                      0x080052cb   Thumb Code     0  fleqf.o(x$fpl$fleqf)
    __aeabi_fmul                             0x080052e1   Thumb Code     0  fmul.o(x$fpl$fmul)
    _fmul                                    0x080052e1   Thumb Code   258  fmul.o(x$fpl$fmul)
    __fpl_fnaninf                            0x080053e3   Thumb Code   140  fnaninf.o(x$fpl$fnaninf)
    __fpl_fretinf                            0x0800546f   Thumb Code    10  fretinf.o(x$fpl$fretinf)
    __aeabi_cfrcmple                         0x08005479   Thumb Code     0  frleqf.o(x$fpl$frleqf)
    _frcmple                                 0x08005479   Thumb Code    98  frleqf.o(x$fpl$frleqf)
    __aeabi_fsub                             0x080054dd   Thumb Code     0  faddsub_clz.o(x$fpl$fsub)
    _fsub                                    0x080054dd   Thumb Code   234  faddsub_clz.o(x$fpl$fsub)
    __fpl_return_NaN                         0x080055c7   Thumb Code   100  retnan.o(x$fpl$retnan)
    __ARM_scalbn                             0x0800562b   Thumb Code    92  scalbn.o(x$fpl$scalbn)
    __fpl_cmpreturn                          0x08005687   Thumb Code    48  trapv.o(x$fpl$trapveneer)
    __I$use$fp                               0x080056b6   Number         0  usenofp.o(x$fpl$usenofp)
    reg                                      0x080056b8   Data          27  inv_mpu.o(.constdata)
    hw                                       0x080056d4   Data          12  inv_mpu.o(.constdata)
    test                                     0x080056e0   Data          40  inv_mpu.o(.constdata)
    __mathlib_zero                           0x080063f8   Data           8  qnan.o(.constdata)
    Region$$Table$$Base                      0x08006450   Number         0  anon$$obj.o(Region$$Table)
    Region$$Table$$Limit                     0x08006470   Number         0  anon$$obj.o(Region$$Table)
    __stdout                                 0x20000014   Data           4  usart.o(.data)
    USART_RX_STA                             0x20000018   Data           1  usart.o(.data)
    Serial_RxData                            0x20000019   Data           1  serial.o(.data)
    Serial_RxFlag                            0x2000001a   Data           1  serial.o(.data)
    pitch                                    0x2000001c   Data           4  main.o(.data)
    roll                                     0x20000020   Data           4  main.o(.data)
    yaw                                      0x20000024   Data           4  main.o(.data)
    RxData                                   0x20000028   Data           1  main.o(.data)
    __libspace_start                         0x20000074   Data          96  libspace.o(.bss)
    __temporary_stack_top$libspace           0x200000d4   Data           0  libspace.o(.bss)



==============================================================================

Memory Map of the image

  Image Entry point : 0x080000ed

  Load Region LR_IROM1 (Base: 0x08000000, Size: 0x000064d4, Max: 0x00010000, ABSOLUTE)

    Execution Region ER_IROM1 (Exec base: 0x08000000, Load base: 0x08000000, Size: 0x00006470, Max: 0x00010000, ABSOLUTE)

    Exec Addr    Load Addr    Size         Type   Attr      Idx    E Section Name        Object

    0x08000000   0x08000000   0x000000ec   Data   RO            3    RESET               startup_stm32f10x_md.o
    0x080000ec   0x080000ec   0x00000008   Code   RO         4355  * !!!main             c_w.l(__main.o)
    0x080000f4   0x080000f4   0x00000034   Code   RO         4784    !!!scatter          c_w.l(__scatter.o)
    0x08000128   0x08000128   0x0000001a   Code   RO         4786    !!handler_copy      c_w.l(__scatter_copy.o)
    0x08000142   0x08000142   0x00000002   PAD
    0x08000144   0x08000144   0x0000001c   Code   RO         4788    !!handler_zi        c_w.l(__scatter_zi.o)
    0x08000160   0x08000160   0x00000000   Code   RO         4348    .ARM.Collect$$_printf_percent$$00000000  c_w.l(_printf_percent.o)
    0x08000160   0x08000160   0x00000006   Code   RO         4347    .ARM.Collect$$_printf_percent$$00000009  c_w.l(_printf_d.o)
    0x08000166   0x08000166   0x00000004   Code   RO         4472    .ARM.Collect$$_printf_percent$$00000017  c_w.l(_printf_percent_end.o)
    0x0800016a   0x0800016a   0x00000002   Code   RO         4644    .ARM.Collect$$libinit$$00000000  c_w.l(libinit.o)
    0x0800016c   0x0800016c   0x00000000   Code   RO         4663    .ARM.Collect$$libinit$$00000002  c_w.l(libinit2.o)
    0x0800016c   0x0800016c   0x00000000   Code   RO         4665    .ARM.Collect$$libinit$$00000004  c_w.l(libinit2.o)
    0x0800016c   0x0800016c   0x00000000   Code   RO         4668    .ARM.Collect$$libinit$$0000000A  c_w.l(libinit2.o)
    0x0800016c   0x0800016c   0x00000000   Code   RO         4670    .ARM.Collect$$libinit$$0000000C  c_w.l(libinit2.o)
    0x0800016c   0x0800016c   0x00000000   Code   RO         4672    .ARM.Collect$$libinit$$0000000E  c_w.l(libinit2.o)
    0x0800016c   0x0800016c   0x00000000   Code   RO         4675    .ARM.Collect$$libinit$$00000011  c_w.l(libinit2.o)
    0x0800016c   0x0800016c   0x00000000   Code   RO         4677    .ARM.Collect$$libinit$$00000013  c_w.l(libinit2.o)
    0x0800016c   0x0800016c   0x00000000   Code   RO         4679    .ARM.Collect$$libinit$$00000015  c_w.l(libinit2.o)
    0x0800016c   0x0800016c   0x00000000   Code   RO         4681    .ARM.Collect$$libinit$$00000017  c_w.l(libinit2.o)
    0x0800016c   0x0800016c   0x00000000   Code   RO         4683    .ARM.Collect$$libinit$$00000019  c_w.l(libinit2.o)
    0x0800016c   0x0800016c   0x00000000   Code   RO         4685    .ARM.Collect$$libinit$$0000001B  c_w.l(libinit2.o)
    0x0800016c   0x0800016c   0x00000000   Code   RO         4687    .ARM.Collect$$libinit$$0000001D  c_w.l(libinit2.o)
    0x0800016c   0x0800016c   0x00000000   Code   RO         4689    .ARM.Collect$$libinit$$0000001F  c_w.l(libinit2.o)
    0x0800016c   0x0800016c   0x00000000   Code   RO         4691    .ARM.Collect$$libinit$$00000021  c_w.l(libinit2.o)
    0x0800016c   0x0800016c   0x00000000   Code   RO         4693    .ARM.Collect$$libinit$$00000023  c_w.l(libinit2.o)
    0x0800016c   0x0800016c   0x00000000   Code   RO         4695    .ARM.Collect$$libinit$$00000025  c_w.l(libinit2.o)
    0x0800016c   0x0800016c   0x00000000   Code   RO         4699    .ARM.Collect$$libinit$$0000002C  c_w.l(libinit2.o)
    0x0800016c   0x0800016c   0x00000000   Code   RO         4701    .ARM.Collect$$libinit$$0000002E  c_w.l(libinit2.o)
    0x0800016c   0x0800016c   0x00000000   Code   RO         4703    .ARM.Collect$$libinit$$00000030  c_w.l(libinit2.o)
    0x0800016c   0x0800016c   0x00000000   Code   RO         4705    .ARM.Collect$$libinit$$00000032  c_w.l(libinit2.o)
    0x0800016c   0x0800016c   0x00000002   Code   RO         4706    .ARM.Collect$$libinit$$00000033  c_w.l(libinit2.o)
    0x0800016e   0x0800016e   0x00000002   Code   RO         4736    .ARM.Collect$$libshutdown$$00000000  c_w.l(libshutdown.o)
    0x08000170   0x08000170   0x00000000   Code   RO         4750    .ARM.Collect$$libshutdown$$00000002  c_w.l(libshutdown2.o)
    0x08000170   0x08000170   0x00000000   Code   RO         4752    .ARM.Collect$$libshutdown$$00000004  c_w.l(libshutdown2.o)
    0x08000170   0x08000170   0x00000000   Code   RO         4755    .ARM.Collect$$libshutdown$$00000007  c_w.l(libshutdown2.o)
    0x08000170   0x08000170   0x00000000   Code   RO         4758    .ARM.Collect$$libshutdown$$0000000A  c_w.l(libshutdown2.o)
    0x08000170   0x08000170   0x00000000   Code   RO         4760    .ARM.Collect$$libshutdown$$0000000C  c_w.l(libshutdown2.o)
    0x08000170   0x08000170   0x00000000   Code   RO         4763    .ARM.Collect$$libshutdown$$0000000F  c_w.l(libshutdown2.o)
    0x08000170   0x08000170   0x00000002   Code   RO         4764    .ARM.Collect$$libshutdown$$00000010  c_w.l(libshutdown2.o)
    0x08000172   0x08000172   0x00000000   Code   RO         4431    .ARM.Collect$$rtentry$$00000000  c_w.l(__rtentry.o)
    0x08000172   0x08000172   0x00000000   Code   RO         4543    .ARM.Collect$$rtentry$$00000002  c_w.l(__rtentry2.o)
    0x08000172   0x08000172   0x00000006   Code   RO         4555    .ARM.Collect$$rtentry$$00000004  c_w.l(__rtentry4.o)
    0x08000178   0x08000178   0x00000000   Code   RO         4545    .ARM.Collect$$rtentry$$00000009  c_w.l(__rtentry2.o)
    0x08000178   0x08000178   0x00000004   Code   RO         4546    .ARM.Collect$$rtentry$$0000000A  c_w.l(__rtentry2.o)
    0x0800017c   0x0800017c   0x00000000   Code   RO         4548    .ARM.Collect$$rtentry$$0000000C  c_w.l(__rtentry2.o)
    0x0800017c   0x0800017c   0x00000008   Code   RO         4549    .ARM.Collect$$rtentry$$0000000D  c_w.l(__rtentry2.o)
    0x08000184   0x08000184   0x00000002   Code   RO         4651    .ARM.Collect$$rtexit$$00000000  c_w.l(rtexit.o)
    0x08000186   0x08000186   0x00000000   Code   RO         4710    .ARM.Collect$$rtexit$$00000002  c_w.l(rtexit2.o)
    0x08000186   0x08000186   0x00000004   Code   RO         4711    .ARM.Collect$$rtexit$$00000003  c_w.l(rtexit2.o)
    0x0800018a   0x0800018a   0x00000006   Code   RO         4712    .ARM.Collect$$rtexit$$00000004  c_w.l(rtexit2.o)
    0x08000190   0x08000190   0x00000040   Code   RO            4    .text               startup_stm32f10x_md.o
    0x080001d0   0x080001d0   0x00000002   Code   RO         4289    .text               c_w.l(use_no_semi_2.o)
    0x080001d2   0x080001d2   0x00000048   Code   RO         4291    .text               c_w.l(llsdiv.o)
    0x0800021a   0x0800021a   0x00000002   PAD
    0x0800021c   0x0800021c   0x00000018   Code   RO         4295    .text               c_w.l(__2printf.o)
    0x08000234   0x08000234   0x00000078   Code   RO         4303    .text               c_w.l(_printf_dec.o)
    0x080002ac   0x080002ac   0x00000188   Code   RO         4343    .text               c_w.l(__printf_flags_ss_wp.o)
    0x08000434   0x08000434   0x00000058   Code   RO         4349    .text               c_w.l(memcmp.o)
    0x0800048c   0x0800048c   0x00000010   Code   RO         4351    .text               c_w.l(aeabi_memset.o)
    0x0800049c   0x0800049c   0x00000006   Code   RO         4353    .text               c_w.l(heapauxi.o)
    0x080004a2   0x080004a2   0x00000002   Code   RO         4429    .text               c_w.l(use_no_semi.o)
    0x080004a4   0x080004a4   0x000000ee   Code   RO         4432    .text               c_w.l(lludivv7m.o)
    0x08000592   0x08000592   0x00000016   Code   RO         4434    .text               c_w.l(_rserrno.o)
    0x080005a8   0x080005a8   0x000000b2   Code   RO         4440    .text               c_w.l(_printf_intcommon.o)
    0x0800065a   0x0800065a   0x00000002   PAD
    0x0800065c   0x0800065c   0x00000030   Code   RO         4444    .text               c_w.l(_printf_char_common.o)
    0x0800068c   0x0800068c   0x00000024   Code   RO         4448    .text               c_w.l(_printf_char_file.o)
    0x080006b0   0x080006b0   0x00000044   Code   RO         4482    .text               c_w.l(rt_memclr.o)
    0x080006f4   0x080006f4   0x00000008   Code   RO         4564    .text               c_w.l(rt_errno_addr_intlibspace.o)
    0x080006fc   0x080006fc   0x00000008   Code   RO         4579    .text               c_w.l(ferror.o)
    0x08000704   0x08000704   0x0000004e   Code   RO         4585    .text               c_w.l(rt_memclr_w.o)
    0x08000752   0x08000752   0x00000002   PAD
    0x08000754   0x08000754   0x00000008   Code   RO         4593    .text               c_w.l(libspace.o)
    0x0800075c   0x0800075c   0x0000004a   Code   RO         4596    .text               c_w.l(sys_stackheap_outer.o)
    0x080007a6   0x080007a6   0x00000012   Code   RO         4637    .text               c_w.l(exit.o)
    0x080007b8   0x080007b8   0x00000004   Code   RO         3551    i.BusFault_Handler  stm32f10x_it.o
    0x080007bc   0x080007bc   0x00000002   Code   RO         3552    i.DebugMon_Handler  stm32f10x_it.o
    0x080007be   0x080007be   0x00000116   Code   RO         1347    i.GPIO_Init         stm32f10x_gpio.o
    0x080008d4   0x080008d4   0x00000004   Code   RO         3553    i.HardFault_Handler  stm32f10x_it.o
    0x080008d8   0x080008d8   0x0000002c   Code   RO         4215    i.MPU6050_IIC_SDA_IO_IN  mpuiic.o
    0x08000904   0x08000904   0x0000002c   Code   RO         4216    i.MPU6050_IIC_SDA_IO_OUT  mpuiic.o
    0x08000930   0x08000930   0x00000034   Code   RO         4217    i.MPU_IIC_Ack       mpuiic.o
    0x08000964   0x08000964   0x0000000a   Code   RO         4218    i.MPU_IIC_Delay     mpuiic.o
    0x0800096e   0x0800096e   0x00000002   PAD
    0x08000970   0x08000970   0x0000002c   Code   RO         4219    i.MPU_IIC_Init      mpuiic.o
    0x0800099c   0x0800099c   0x00000034   Code   RO         4220    i.MPU_IIC_NAck      mpuiic.o
    0x080009d0   0x080009d0   0x00000054   Code   RO         4221    i.MPU_IIC_Read_Byte  mpuiic.o
    0x08000a24   0x08000a24   0x00000048   Code   RO         4222    i.MPU_IIC_Send_Byte  mpuiic.o
    0x08000a6c   0x08000a6c   0x00000034   Code   RO         4223    i.MPU_IIC_Start     mpuiic.o
    0x08000aa0   0x08000aa0   0x00000030   Code   RO         4224    i.MPU_IIC_Stop      mpuiic.o
    0x08000ad0   0x08000ad0   0x0000004c   Code   RO         4225    i.MPU_IIC_Wait_Ack  mpuiic.o
    0x08000b1c   0x08000b1c   0x00000074   Code   RO         4142    i.MPU_Read_Len      mpu6050.o
    0x08000b90   0x08000b90   0x00000060   Code   RO         4148    i.MPU_Write_Len     mpu6050.o
    0x08000bf0   0x08000bf0   0x00000004   Code   RO         3554    i.MemManage_Handler  stm32f10x_it.o
    0x08000bf4   0x08000bf4   0x00000002   Code   RO         3555    i.NMI_Handler       stm32f10x_it.o
    0x08000bf6   0x08000bf6   0x00000002   PAD
    0x08000bf8   0x08000bf8   0x00000070   Code   RO          137    i.NVIC_Init         misc.o
    0x08000c68   0x08000c68   0x00000014   Code   RO          138    i.NVIC_PriorityGroupConfig  misc.o
    0x08000c7c   0x08000c7c   0x000000a0   Code   RO         3405    i.PWM_Init          pwm.o
    0x08000d1c   0x08000d1c   0x00000002   Code   RO         3556    i.PendSV_Handler    stm32f10x_it.o
    0x08000d1e   0x08000d1e   0x00000002   PAD
    0x08000d20   0x08000d20   0x00000020   Code   RO         1775    i.RCC_APB1PeriphClockCmd  stm32f10x_rcc.o
    0x08000d40   0x08000d40   0x00000020   Code   RO         1777    i.RCC_APB2PeriphClockCmd  stm32f10x_rcc.o
    0x08000d60   0x08000d60   0x000000d4   Code   RO         1785    i.RCC_GetClocksFreq  stm32f10x_rcc.o
    0x08000e34   0x08000e34   0x00000002   Code   RO         3557    i.SVC_Handler       stm32f10x_it.o
    0x08000e36   0x08000e36   0x00000002   PAD
    0x08000e38   0x08000e38   0x0000000c   Code   RO         3417    i.Serial_GetRxData  serial.o
    0x08000e44   0x08000e44   0x000000b8   Code   RO         3419    i.Serial_Init       serial.o
    0x08000efc   0x08000efc   0x00000008   Code   RO           24    i.SetSysClock       system_stm32f10x.o
    0x08000f04   0x08000f04   0x000000e0   Code   RO           25    i.SetSysClockTo72   system_stm32f10x.o
    0x08000fe4   0x08000fe4   0x00000002   Code   RO         3558    i.SysTick_Handler   stm32f10x_it.o
    0x08000fe6   0x08000fe6   0x00000002   PAD
    0x08000fe8   0x08000fe8   0x00000060   Code   RO           27    i.SystemInit        system_stm32f10x.o
    0x08001048   0x08001048   0x00000018   Code   RO         2421    i.TIM_Cmd           stm32f10x_tim.o
    0x08001060   0x08001060   0x0000000c   Code   RO         2448    i.TIM_InternalClockConfig  stm32f10x_tim.o
    0x0800106c   0x0800106c   0x00000098   Code   RO         2450    i.TIM_OC1Init       stm32f10x_tim.o
    0x08001104   0x08001104   0x000000a4   Code   RO         2455    i.TIM_OC2Init       stm32f10x_tim.o
    0x080011a8   0x080011a8   0x00000014   Code   RO         2468    i.TIM_OCStructInit  stm32f10x_tim.o
    0x080011bc   0x080011bc   0x00000004   Code   RO         2482    i.TIM_SetCompare1   stm32f10x_tim.o
    0x080011c0   0x080011c0   0x00000004   Code   RO         2483    i.TIM_SetCompare2   stm32f10x_tim.o
    0x080011c4   0x080011c4   0x000000a4   Code   RO         2492    i.TIM_TimeBaseInit  stm32f10x_tim.o
    0x08001268   0x08001268   0x00000038   Code   RO         3426    i.USART1_IRQHandler  serial.o
    0x080012a0   0x080012a0   0x0000001e   Code   RO         2957    i.USART_ClearITPendingBit  stm32f10x_usart.o
    0x080012be   0x080012be   0x00000018   Code   RO         2960    i.USART_Cmd         stm32f10x_usart.o
    0x080012d6   0x080012d6   0x00000054   Code   RO         2964    i.USART_GetITStatus  stm32f10x_usart.o
    0x0800132a   0x0800132a   0x0000004a   Code   RO         2966    i.USART_ITConfig    stm32f10x_usart.o
    0x08001374   0x08001374   0x000000d8   Code   RO         2967    i.USART_Init        stm32f10x_usart.o
    0x0800144c   0x0800144c   0x0000000a   Code   RO         2974    i.USART_ReceiveData  stm32f10x_usart.o
    0x08001456   0x08001456   0x00000004   Code   RO         3559    i.UsageFault_Handler  stm32f10x_it.o
    0x0800145a   0x0800145a   0x00000028   Code   RO         4529    i.__ARM_fpclassify  m_ws.l(fpclassify.o)
    0x08001482   0x08001482   0x000000aa   Code   RO         4531    i.__kernel_poly     m_ws.l(poly.o)
    0x0800152c   0x0800152c   0x00000006   Code   RO         4516    i.__mathlib_dbl_infnan  m_ws.l(dunder.o)
    0x08001532   0x08001532   0x00000004   Code   RO         4517    i.__mathlib_dbl_infnan2  m_ws.l(dunder.o)
    0x08001536   0x08001536   0x0000000c   Code   RO         4518    i.__mathlib_dbl_invalid  m_ws.l(dunder.o)
    0x08001542   0x08001542   0x00000002   PAD
    0x08001544   0x08001544   0x00000010   Code   RO         4521    i.__mathlib_dbl_underflow  m_ws.l(dunder.o)
    0x08001554   0x08001554   0x0000000e   Code   RO         4336    i._is_digit         c_w.l(__printf_wp.o)
    0x08001562   0x08001562   0x00000004   Code   RO         3265    i._sys_exit         usart.o
    0x08001566   0x08001566   0x00000002   PAD
    0x08001568   0x08001568   0x000000a8   Code   RO         3614    i.accel_self_test   inv_mpu.o
    0x08001610   0x08001610   0x00000270   Code   RO         4412    i.asin              m_ws.l(asin.o)
    0x08001880   0x08001880   0x00000220   Code   RO         4506    i.atan              m_ws.l(atan.o)
    0x08001aa0   0x08001aa0   0x00000180   Code   RO         4422    i.atan2             m_ws.l(atan2.o)
    0x08001c20   0x08001c20   0x00000064   Code   RO         3955    i.decode_gesture    inv_mpu_dmp_motion_driver.o
    0x08001c84   0x08001c84   0x00000018   Code   RO         3196    i.delay_ms          delay.o
    0x08001c9c   0x08001c9c   0x0000002e   Code   RO         3198    i.delay_us          delay.o
    0x08001cca   0x08001cca   0x0000003c   Code   RO         3956    i.dmp_enable_6x_lp_quat  inv_mpu_dmp_motion_driver.o
    0x08001d06   0x08001d06   0x00000002   PAD
    0x08001d08   0x08001d08   0x0000021c   Code   RO         3957    i.dmp_enable_feature  inv_mpu_dmp_motion_driver.o
    0x08001f24   0x08001f24   0x00000058   Code   RO         3958    i.dmp_enable_gyro_cal  inv_mpu_dmp_motion_driver.o
    0x08001f7c   0x08001f7c   0x0000003c   Code   RO         3959    i.dmp_enable_lp_quat  inv_mpu_dmp_motion_driver.o
    0x08001fb8   0x08001fb8   0x00000018   Code   RO         3964    i.dmp_load_motion_driver_firmware  inv_mpu_dmp_motion_driver.o
    0x08001fd0   0x08001fd0   0x000001cc   Code   RO         3965    i.dmp_read_fifo     inv_mpu_dmp_motion_driver.o
    0x0800219c   0x0800219c   0x00000130   Code   RO         3968    i.dmp_set_accel_bias  inv_mpu_dmp_motion_driver.o
    0x080022cc   0x080022cc   0x00000070   Code   RO         3969    i.dmp_set_fifo_rate  inv_mpu_dmp_motion_driver.o
    0x0800233c   0x0800233c   0x00000130   Code   RO         3970    i.dmp_set_gyro_bias  inv_mpu_dmp_motion_driver.o
    0x0800246c   0x0800246c   0x00000138   Code   RO         3972    i.dmp_set_orientation  inv_mpu_dmp_motion_driver.o
    0x080025a4   0x080025a4   0x00000038   Code   RO         3975    i.dmp_set_shake_reject_thresh  inv_mpu_dmp_motion_driver.o
    0x080025dc   0x080025dc   0x00000026   Code   RO         3976    i.dmp_set_shake_reject_time  inv_mpu_dmp_motion_driver.o
    0x08002602   0x08002602   0x00000026   Code   RO         3977    i.dmp_set_shake_reject_timeout  inv_mpu_dmp_motion_driver.o
    0x08002628   0x08002628   0x00000046   Code   RO         3978    i.dmp_set_tap_axes  inv_mpu_dmp_motion_driver.o
    0x0800266e   0x0800266e   0x00000026   Code   RO         3979    i.dmp_set_tap_count  inv_mpu_dmp_motion_driver.o
    0x08002694   0x08002694   0x000001a0   Code   RO         3980    i.dmp_set_tap_thresh  inv_mpu_dmp_motion_driver.o
    0x08002834   0x08002834   0x00000026   Code   RO         3981    i.dmp_set_tap_time  inv_mpu_dmp_motion_driver.o
    0x0800285a   0x0800285a   0x00000026   Code   RO         3982    i.dmp_set_tap_time_multi  inv_mpu_dmp_motion_driver.o
    0x08002880   0x08002880   0x0000001c   Code   RO         3266    i.fputc             usart.o
    0x0800289c   0x0800289c   0x000000b4   Code   RO         3615    i.get_accel_prod_shift  inv_mpu.o
    0x08002950   0x08002950   0x00000470   Code   RO         3616    i.get_st_biases     inv_mpu.o
    0x08002dc0   0x08002dc0   0x00000110   Code   RO         3617    i.gyro_self_test    inv_mpu.o
    0x08002ed0   0x08002ed0   0x00000028   Code   RO         3618    i.inv_orientation_matrix_to_scalar  inv_mpu.o
    0x08002ef8   0x08002ef8   0x0000004e   Code   RO         3619    i.inv_row_2_scale   inv_mpu.o
    0x08002f46   0x08002f46   0x00000002   PAD
    0x08002f48   0x08002f48   0x000000cc   Code   RO         3520    i.main              main.o
    0x08003014   0x08003014   0x00000002   Code   RO         3620    i.mget_ms           inv_mpu.o
    0x08003016   0x08003016   0x00000002   PAD
    0x08003018   0x08003018   0x00000070   Code   RO         3621    i.mpu_configure_fifo  inv_mpu.o
    0x08003088   0x08003088   0x00000224   Code   RO         3622    i.mpu_dmp_get_data  inv_mpu.o
    0x080032ac   0x080032ac   0x00000098   Code   RO         3623    i.mpu_dmp_init      inv_mpu.o
    0x08003344   0x08003344   0x0000004c   Code   RO         3624    i.mpu_get_accel_fsr  inv_mpu.o
    0x08003390   0x08003390   0x00000054   Code   RO         3626    i.mpu_get_accel_sens  inv_mpu.o
    0x080033e4   0x080033e4   0x00000010   Code   RO         3631    i.mpu_get_fifo_config  inv_mpu.o
    0x080033f4   0x080033f4   0x00000044   Code   RO         3632    i.mpu_get_gyro_fsr  inv_mpu.o
    0x08003438   0x08003438   0x00000050   Code   RO         3634    i.mpu_get_gyro_sens  inv_mpu.o
    0x08003488   0x08003488   0x00000050   Code   RO         3636    i.mpu_get_lpf       inv_mpu.o
    0x080034d8   0x080034d8   0x00000020   Code   RO         3638    i.mpu_get_sample_rate  inv_mpu.o
    0x080034f8   0x080034f8   0x000001f0   Code   RO         3640    i.mpu_init          inv_mpu.o
    0x080036e8   0x080036e8   0x000000b8   Code   RO         3641    i.mpu_load_firmware  inv_mpu.o
    0x080037a0   0x080037a0   0x000000e0   Code   RO         3642    i.mpu_lp_accel_mode  inv_mpu.o
    0x08003880   0x08003880   0x000000c0   Code   RO         3645    i.mpu_read_fifo_stream  inv_mpu.o
    0x08003940   0x08003940   0x00000080   Code   RO         3646    i.mpu_read_mem      inv_mpu.o
    0x080039c0   0x080039c0   0x000001c8   Code   RO         3649    i.mpu_reset_fifo    inv_mpu.o
    0x08003b88   0x08003b88   0x0000011c   Code   RO         3650    i.mpu_run_self_test  inv_mpu.o
    0x08003ca4   0x08003ca4   0x00000084   Code   RO         3652    i.mpu_set_accel_fsr  inv_mpu.o
    0x08003d28   0x08003d28   0x0000014c   Code   RO         3653    i.mpu_set_bypass    inv_mpu.o
    0x08003e74   0x08003e74   0x00000090   Code   RO         3655    i.mpu_set_dmp_state  inv_mpu.o
    0x08003f04   0x08003f04   0x00000088   Code   RO         3656    i.mpu_set_gyro_fsr  inv_mpu.o
    0x08003f8c   0x08003f8c   0x0000006c   Code   RO         3657    i.mpu_set_int_latched  inv_mpu.o
    0x08003ff8   0x08003ff8   0x00000084   Code   RO         3659    i.mpu_set_lpf       inv_mpu.o
    0x0800407c   0x0800407c   0x0000009c   Code   RO         3660    i.mpu_set_sample_rate  inv_mpu.o
    0x08004118   0x08004118   0x000000d0   Code   RO         3661    i.mpu_set_sensors   inv_mpu.o
    0x080041e8   0x080041e8   0x00000080   Code   RO         3662    i.mpu_write_mem     inv_mpu.o
    0x08004268   0x08004268   0x00000094   Code   RO         3663    i.run_self_test     inv_mpu.o
    0x080042fc   0x080042fc   0x00000040   Code   RO         3493    i.servo1_set_angle  servo.o
    0x0800433c   0x0800433c   0x00000040   Code   RO         3494    i.servo2_set_angle  servo.o
    0x0800437c   0x0800437c   0x00000008   Code   RO         3495    i.servo_init        servo.o
    0x08004384   0x08004384   0x00000090   Code   RO         3664    i.set_int_enable    inv_mpu.o
    0x08004414   0x08004414   0x0000004c   Code   RO         4535    i.sqrt              m_ws.l(sqrt.o)
    0x08004460   0x08004460   0x00000062   Code   RO         4357    x$fpl$d2f           fz_ws.l(d2f.o)
    0x080044c2   0x080044c2   0x00000002   PAD
    0x080044c4   0x080044c4   0x00000150   Code   RO         4359    x$fpl$dadd          fz_ws.l(daddsub_clz.o)
    0x08004614   0x08004614   0x00000010   Code   RO         4587    x$fpl$dcheck1       fz_ws.l(dcheck1.o)
    0x08004624   0x08004624   0x000002b0   Code   RO         4366    x$fpl$ddiv          fz_ws.l(ddiv.o)
    0x080048d4   0x080048d4   0x00000154   Code   RO         4375    x$fpl$dmul          fz_ws.l(dmul.o)
    0x08004a28   0x08004a28   0x0000009c   Code   RO         4484    x$fpl$dnaninf       fz_ws.l(dnaninf.o)
    0x08004ac4   0x08004ac4   0x0000000c   Code   RO         4486    x$fpl$dretinf       fz_ws.l(dretinf.o)
    0x08004ad0   0x08004ad0   0x00000016   Code   RO         4360    x$fpl$drsb          fz_ws.l(daddsub_clz.o)
    0x08004ae6   0x08004ae6   0x00000002   PAD
    0x08004ae8   0x08004ae8   0x000001cc   Code   RO         4591    x$fpl$dsqrt         fz_ws.l(dsqrt_noumaal.o)
    0x08004cb4   0x08004cb4   0x000001d4   Code   RO         4361    x$fpl$dsub          fz_ws.l(daddsub_clz.o)
    0x08004e88   0x08004e88   0x00000056   Code   RO         4377    x$fpl$f2d           fz_ws.l(f2d.o)
    0x08004ede   0x08004ede   0x00000002   PAD
    0x08004ee0   0x08004ee0   0x000000c4   Code   RO         4379    x$fpl$fadd          fz_ws.l(faddsub_clz.o)
    0x08004fa4   0x08004fa4   0x00000018   Code   RO         4488    x$fpl$fcmpinf       fz_ws.l(fcmpi.o)
    0x08004fbc   0x08004fbc   0x00000184   Code   RO         4386    x$fpl$fdiv          fz_ws.l(fdiv.o)
    0x08005140   0x08005140   0x00000068   Code   RO         4389    x$fpl$feqf          fz_ws.l(feqf.o)
    0x080051a8   0x080051a8   0x00000036   Code   RO         4391    x$fpl$ffix          fz_ws.l(ffix.o)
    0x080051de   0x080051de   0x00000002   PAD
    0x080051e0   0x080051e0   0x0000003e   Code   RO         4395    x$fpl$ffixu         fz_ws.l(ffixu.o)
    0x0800521e   0x0800521e   0x00000002   PAD
    0x08005220   0x08005220   0x00000030   Code   RO         4400    x$fpl$fflt          fz_ws.l(fflt_clz.o)
    0x08005250   0x08005250   0x00000026   Code   RO         4399    x$fpl$ffltu         fz_ws.l(fflt_clz.o)
    0x08005276   0x08005276   0x00000002   PAD
    0x08005278   0x08005278   0x00000068   Code   RO         4405    x$fpl$fleqf         fz_ws.l(fleqf.o)
    0x080052e0   0x080052e0   0x00000102   Code   RO         4407    x$fpl$fmul          fz_ws.l(fmul.o)
    0x080053e2   0x080053e2   0x0000008c   Code   RO         4490    x$fpl$fnaninf       fz_ws.l(fnaninf.o)
    0x0800546e   0x0800546e   0x0000000a   Code   RO         4492    x$fpl$fretinf       fz_ws.l(fretinf.o)
    0x08005478   0x08005478   0x00000062   Code   RO         4409    x$fpl$frleqf        fz_ws.l(frleqf.o)
    0x080054da   0x080054da   0x00000002   PAD
    0x080054dc   0x080054dc   0x000000ea   Code   RO         4381    x$fpl$fsub          fz_ws.l(faddsub_clz.o)
    0x080055c6   0x080055c6   0x00000064   Code   RO         4649    x$fpl$retnan        fz_ws.l(retnan.o)
    0x0800562a   0x0800562a   0x0000005c   Code   RO         4502    x$fpl$scalbn        fz_ws.l(scalbn.o)
    0x08005686   0x08005686   0x00000030   Code   RO         4707    x$fpl$trapveneer    fz_ws.l(trapv.o)
    0x080056b6   0x080056b6   0x00000000   Code   RO         4504    x$fpl$usenofp       fz_ws.l(usenofp.o)
    0x080056b6   0x080056b6   0x00000002   PAD
    0x080056b8   0x080056b8   0x00000050   Data   RO         3666    .constdata          inv_mpu.o
    0x08005708   0x08005708   0x00000bf6   Data   RO         3984    .constdata          inv_mpu_dmp_motion_driver.o
    0x080062fe   0x080062fe   0x00000011   Data   RO         4344    .constdata          c_w.l(__printf_flags_ss_wp.o)
    0x0800630f   0x0800630f   0x00000001   PAD
    0x08006310   0x08006310   0x00000050   Data   RO         4413    .constdata          m_ws.l(asin.o)
    0x08006360   0x08006360   0x00000098   Data   RO         4507    .constdata          m_ws.l(atan.o)
    0x080063f8   0x080063f8   0x00000008   Data   RO         4533    .constdata          m_ws.l(qnan.o)
    0x08006400   0x08006400   0x0000004d   Data   RO         3667    .conststring        inv_mpu.o
    0x0800644d   0x0800644d   0x00000003   PAD
    0x08006450   0x08006450   0x00000020   Data   RO         4782    Region$$Table       anon$$obj.o


    Execution Region RW_IRAM1 (Exec base: 0x20000000, Load base: 0x08006470, Size: 0x000006d8, Max: 0x00005000, ABSOLUTE)

    Exec Addr    Load Addr    Size         Type   Attr      Idx    E Section Name        Object

    0x20000000   0x08006470   0x00000014   Data   RW         1805    .data               stm32f10x_rcc.o
    0x20000014   0x08006484   0x00000005   Data   RW         3269    .data               usart.o
    0x20000019   0x08006489   0x00000002   Data   RW         3427    .data               serial.o
    0x2000001b   0x0800648b   0x00000001   PAD
    0x2000001c   0x0800648c   0x0000000d   Data   RW         3521    .data               main.o
    0x20000029   0x08006499   0x00000003   PAD
    0x2000002c   0x0800649c   0x00000035   Data   RW         3668    .data               inv_mpu.o
    0x20000061   0x080064d1   0x00000003   PAD
    0x20000064        -       0x00000010   Zero   RW         3983    .bss                inv_mpu_dmp_motion_driver.o
    0x20000074        -       0x00000060   Zero   RW         4594    .bss                c_w.l(libspace.o)
    0x200000d4   0x080064d1   0x00000004   PAD
    0x200000d8        -       0x00000200   Zero   RW            2    HEAP                startup_stm32f10x_md.o
    0x200002d8        -       0x00000400   Zero   RW            1    STACK               startup_stm32f10x_md.o


==============================================================================

Image component sizes


      Code (inc. data)   RO Data    RW Data    ZI Data      Debug   Object Name

         0          0          0          0          0       4500   core_cm3.o
        70          0          0          0          0       1130   delay.o
      6856        288        157         53          0      33172   inv_mpu.o
      3096        122       3062          0         16      21878   inv_mpu_dmp_motion_driver.o
       204         26          0         13          0        979   main.o
       132         22          0          0          0     205259   misc.o
       212          0          0          0          0       2171   mpu6050.o
       578         72          0          0          0       6551   mpuiic.o
       160          6          0          0          0        711   pwm.o
       252         28          0          2          0       2219   serial.o
       136         24          0          0          0       1787   servo.o
        64         26        236          0       1536        892   startup_stm32f10x_md.o
         0          0          0          0          0       1760   stm32f10x_adc.o
       278          0          0          0          0      10512   stm32f10x_gpio.o
        26          0          0          0          0       4658   stm32f10x_it.o
       276         32          0         20          0      13574   stm32f10x_rcc.o
       544         72          0          0          0      26298   stm32f10x_tim.o
       438          6          0          0          0      12196   stm32f10x_usart.o
       328         28          0          0          0      46033   system_stm32f10x.o
        32          4          0          5          0       3124   usart.o

    ----------------------------------------------------------------------
     13700        756       3490        100       1552     399404   Object Totals
         0          0         32          0          0          0   (incl. Generated)
        18          0          3          7          0          0   (incl. Padding)

    ----------------------------------------------------------------------

      Code (inc. data)   RO Data    RW Data    ZI Data      Debug   Library Member Name

        24          4          0          0          0         84   __2printf.o
         8          0          0          0          0         68   __main.o
       392          4         17          0          0         92   __printf_flags_ss_wp.o
        14          0          0          0          0         68   __printf_wp.o
         0          0          0          0          0          0   __rtentry.o
        12          0          0          0          0          0   __rtentry2.o
         6          0          0          0          0          0   __rtentry4.o
        52          8          0          0          0          0   __scatter.o
        26          0          0          0          0          0   __scatter_copy.o
        28          0          0          0          0          0   __scatter_zi.o
        48          6          0          0          0         96   _printf_char_common.o
        36          4          0          0          0         80   _printf_char_file.o
         6          0          0          0          0          0   _printf_d.o
       120         16          0          0          0         92   _printf_dec.o
       178          0          0          0          0         88   _printf_intcommon.o
         0          0          0          0          0          0   _printf_percent.o
         4          0          0          0          0          0   _printf_percent_end.o
        22          0          0          0          0        100   _rserrno.o
        16          0          0          0          0         68   aeabi_memset.o
        18          0          0          0          0         80   exit.o
         8          0          0          0          0         68   ferror.o
         6          0          0          0          0        152   heapauxi.o
         2          0          0          0          0          0   libinit.o
         2          0          0          0          0          0   libinit2.o
         2          0          0          0          0          0   libshutdown.o
         2          0          0          0          0          0   libshutdown2.o
         8          4          0          0         96         68   libspace.o
        72          0          0          0          0         76   llsdiv.o
       238          0          0          0          0        100   lludivv7m.o
        88          0          0          0          0         76   memcmp.o
         8          4          0          0          0         68   rt_errno_addr_intlibspace.o
        68          0          0          0          0         68   rt_memclr.o
        78          0          0          0          0         80   rt_memclr_w.o
         2          0          0          0          0          0   rtexit.o
        10          0          0          0          0          0   rtexit2.o
        74          0          0          0          0         80   sys_stackheap_outer.o
         2          0          0          0          0         68   use_no_semi.o
         2          0          0          0          0         68   use_no_semi_2.o
        98          4          0          0          0         92   d2f.o
       826         16          0          0          0        348   daddsub_clz.o
        16          4          0          0          0         68   dcheck1.o
       688        140          0          0          0        208   ddiv.o
       340         12          0          0          0        104   dmul.o
       156          4          0          0          0         92   dnaninf.o
        12          0          0          0          0         68   dretinf.o
       460         56          0          0          0        120   dsqrt_noumaal.o
        86          4          0          0          0         84   f2d.o
       430          8          0          0          0        168   faddsub_clz.o
        24          0          0          0          0         68   fcmpi.o
       388         76          0          0          0         96   fdiv.o
       104          4          0          0          0         84   feqf.o
        54          4          0          0          0         84   ffix.o
        62          4          0          0          0         84   ffixu.o
        86          0          0          0          0        136   fflt_clz.o
       104          4          0          0          0         84   fleqf.o
       258          4          0          0          0         84   fmul.o
       140          4          0          0          0         84   fnaninf.o
        10          0          0          0          0         68   fretinf.o
        98          0          0          0          0         68   frleqf.o
       100          0          0          0          0         68   retnan.o
        92          0          0          0          0         68   scalbn.o
        48          0          0          0          0         68   trapv.o
         0          0          0          0          0          0   usenofp.o
       624         52         80          0          0        168   asin.o
       544         70        152          0          0        124   atan.o
       384         38          0          0          0        144   atan2.o
        38          6          0          0          0        272   dunder.o
        40          0          0          0          0         68   fpclassify.o
       170          0          0          0          0         96   poly.o
         0          0          8          0          0          0   qnan.o
        76          0          0          0          0         84   sqrt.o

    ----------------------------------------------------------------------
      8264        564        258          0        100       5340   Library Totals
        26          0          1          0          4          0   (incl. Padding)

    ----------------------------------------------------------------------

      Code (inc. data)   RO Data    RW Data    ZI Data      Debug   Library Name

      1682         50         17          0         96       1888   c_w.l
      4680        348          0          0          0       2496   fz_ws.l
      1876        166        240          0          0        956   m_ws.l

    ----------------------------------------------------------------------
      8264        564        258          0        100       5340   Library Totals

    ----------------------------------------------------------------------

==============================================================================


      Code (inc. data)   RO Data    RW Data    ZI Data      Debug   

     21964       1320       3748        100       1652     396264   Grand Totals
     21964       1320       3748        100       1652     396264   ELF Image Totals
     21964       1320       3748        100          0          0   ROM Totals

==============================================================================

    Total RO  Size (Code + RO Data)                25712 (  25.11kB)
    Total RW  Size (RW Data + ZI Data)              1752 (   1.71kB)
    Total ROM Size (Code + RO Data + RW Data)      25812 (  25.21kB)

==============================================================================

